Archive member included to satisfy reference by file (symbol)

C:\Users\Antoni\Documents\MCUXpressoIDE_25.6.136\G06_NEW\Lib_CMSISv1p30_LPC17xx\Debug\libCMSISv1p30_LPC17xx.a(system_LPC17xx.o)
                              ./src/main.o (SystemCoreClock)
C:\Users\Antoni\Documents\MCUXpressoIDE_25.6.136\G06_NEW\Lib_EaBaseBoard\Debug\libLib_EaBaseBoard.a(joystick.o)
                              ./src/main.o (joystick_init)
C:\Users\Antoni\Documents\MCUXpressoIDE_25.6.136\G06_NEW\Lib_EaBaseBoard\Debug\libLib_EaBaseBoard.a(oled.o)
                              ./src/main.o (oled_init)
C:\Users\Antoni\Documents\MCUXpressoIDE_25.6.136\G06_NEW\Lib_EaBaseBoard\Debug\libLib_EaBaseBoard.a(temp.o)
                              ./src/app_temp.o (temp_init)
C:\Users\Antoni\Documents\MCUXpressoIDE_25.6.136\G06_NEW\Lib_EaBaseBoard\Debug\libLib_EaBaseBoard.a(font5x7.o)
                              C:\Users\Antoni\Documents\MCUXpressoIDE_25.6.136\G06_NEW\Lib_EaBaseBoard\Debug\libLib_EaBaseBoard.a(oled.o) (font5x7)
C:\Users\Antoni\Documents\MCUXpressoIDE_25.6.136\G06_NEW\Lib_MCU\Debug\libLib_MCU.a(lpc17xx_gpio.o)
                              ./src/app_buzzer.o (GPIO_SetDir)
C:\Users\Antoni\Documents\MCUXpressoIDE_25.6.136\G06_NEW\Lib_MCU\Debug\libLib_MCU.a(lpc17xx_i2c.o)
                              ./src/main.o (I2C_Init)
C:\Users\Antoni\Documents\MCUXpressoIDE_25.6.136\G06_NEW\Lib_MCU\Debug\libLib_MCU.a(lpc17xx_pinsel.o)
                              ./src/app_buzzer.o (PINSEL_ConfigPin)
C:\Users\Antoni\Documents\MCUXpressoIDE_25.6.136\G06_NEW\Lib_MCU\Debug\libLib_MCU.a(lpc17xx_rtc.o)
                              ./src/app_time.o (RTC_Init)
C:\Users\Antoni\Documents\MCUXpressoIDE_25.6.136\G06_NEW\Lib_MCU\Debug\libLib_MCU.a(lpc17xx_ssp.o)
                              ./src/main.o (SSP_Init)
C:\Users\Antoni\Documents\MCUXpressoIDE_25.6.136\G06_NEW\Lib_MCU\Debug\libLib_MCU.a(lpc17xx_timer.o)
                              ./src/main.o (Timer0_Wait)
C:\Users\Antoni\Documents\MCUXpressoIDE_25.6.136\G06_NEW\Lib_MCU\Debug\libLib_MCU.a(lpc17xx_clkpwr.o)
                              C:\Users\Antoni\Documents\MCUXpressoIDE_25.6.136\G06_NEW\Lib_MCU\Debug\libLib_MCU.a(lpc17xx_i2c.o) (CLKPWR_SetPCLKDiv)
C:/nxp/MCUXpressoIDE_25.6.136/ide/plugins/com.nxp.mcuxpresso.tools.win32_25.6.0.202501151204/tools/bin/../lib/gcc/arm-none-eabi/14.2.1/thumb/v7-m/nofp\libgcc.a(_aeabi_uldivmod.o)
                              C:\Users\Antoni\Documents\MCUXpressoIDE_25.6.136\G06_NEW\Lib_CMSISv1p30_LPC17xx\Debug\libCMSISv1p30_LPC17xx.a(system_LPC17xx.o) (__aeabi_uldivmod)
C:/nxp/MCUXpressoIDE_25.6.136/ide/plugins/com.nxp.mcuxpresso.tools.win32_25.6.0.202501151204/tools/bin/../lib/gcc/arm-none-eabi/14.2.1/thumb/v7-m/nofp\libgcc.a(_udivmoddi4.o)
                              C:/nxp/MCUXpressoIDE_25.6.136/ide/plugins/com.nxp.mcuxpresso.tools.win32_25.6.0.202501151204/tools/bin/../lib/gcc/arm-none-eabi/14.2.1/thumb/v7-m/nofp\libgcc.a(_aeabi_uldivmod.o) (__udivmoddi4)
C:/nxp/MCUXpressoIDE_25.6.136/ide/plugins/com.nxp.mcuxpresso.tools.win32_25.6.0.202501151204/tools/bin/../lib/gcc/arm-none-eabi/14.2.1/thumb/v7-m/nofp\libgcc.a(_dvmd_tls.o)
                              C:/nxp/MCUXpressoIDE_25.6.136/ide/plugins/com.nxp.mcuxpresso.tools.win32_25.6.0.202501151204/tools/bin/../lib/gcc/arm-none-eabi/14.2.1/thumb/v7-m/nofp\libgcc.a(_aeabi_uldivmod.o) (__aeabi_ldiv0)
C:/nxp/MCUXpressoIDE_25.6.136/ide/plugins/com.nxp.mcuxpresso.tools.win32_25.6.0.202501151204/tools/bin/../lib/gcc/arm-none-eabi/14.2.1/thumb/v7-m/nofp\libc.a(libc_a-sprintf.o)
                              ./src/app_menu.o (sprintf)
C:/nxp/MCUXpressoIDE_25.6.136/ide/plugins/com.nxp.mcuxpresso.tools.win32_25.6.0.202501151204/tools/bin/../lib/gcc/arm-none-eabi/14.2.1/thumb/v7-m/nofp\libc.a(libc_a-memset.o)
                              C:\Users\Antoni\Documents\MCUXpressoIDE_25.6.136\G06_NEW\Lib_EaBaseBoard\Debug\libLib_EaBaseBoard.a(oled.o) (memset)
C:/nxp/MCUXpressoIDE_25.6.136/ide/plugins/com.nxp.mcuxpresso.tools.win32_25.6.0.202501151204/tools/bin/../lib/gcc/arm-none-eabi/14.2.1/thumb/v7-m/nofp\libc.a(libc_a-impure.o)
                              C:/nxp/MCUXpressoIDE_25.6.136/ide/plugins/com.nxp.mcuxpresso.tools.win32_25.6.0.202501151204/tools/bin/../lib/gcc/arm-none-eabi/14.2.1/thumb/v7-m/nofp\libc.a(libc_a-sprintf.o) (_impure_ptr)
C:/nxp/MCUXpressoIDE_25.6.136/ide/plugins/com.nxp.mcuxpresso.tools.win32_25.6.0.202501151204/tools/bin/../lib/gcc/arm-none-eabi/14.2.1/thumb/v7-m/nofp\libc.a(libc_a-svfprintf.o)
                              C:/nxp/MCUXpressoIDE_25.6.136/ide/plugins/com.nxp.mcuxpresso.tools.win32_25.6.0.202501151204/tools/bin/../lib/gcc/arm-none-eabi/14.2.1/thumb/v7-m/nofp\libc.a(libc_a-sprintf.o) (_svfprintf_r)
C:/nxp/MCUXpressoIDE_25.6.136/ide/plugins/com.nxp.mcuxpresso.tools.win32_25.6.0.202501151204/tools/bin/../lib/gcc/arm-none-eabi/14.2.1/thumb/v7-m/nofp\libc.a(libc_a-ssprint_r.o)
[...]
Memory Configuration

Name             Origin             Length             Attributes
MFlash512        0x00000000         0x00080000         xr
RamLoc32         0x10000000         0x00008000         xrw
RamAHB32         0x2007c000         0x00008000         xrw
*default*        0x00000000         0xffffffff

Linker script and memory map

LOAD ./src/app_alarm.o
LOAD ./src/app_buzzer.o
LOAD ./src/app_menu.o
LOAD ./src/app_temp.o
LOAD ./src/app_time.o
LOAD ./src/cr_startup_lpc17.o
LOAD ./src/main.o
LOAD C:\Users\Antoni\Documents\MCUXpressoIDE_25.6.136\G06_NEW\Lib_CMSISv1p30_LPC17xx\Debug\libCMSISv1p30_LPC17xx.a
LOAD C:\Users\Antoni\Documents\MCUXpressoIDE_25.6.136\G06_NEW\Lib_EaBaseBoard\Debug\libLib_EaBaseBoard.a
LOAD C:\Users\Antoni\Documents\MCUXpressoIDE_25.6.136\G06_NEW\Lib_MCU\Debug\libLib_MCU.a
START GROUP
LOAD C:/nxp/MCUXpressoIDE_25.6.136/ide/plugins/com.nxp.mcuxpresso.tools.win32_25.6.0.202501151204/tools/bin/../lib/gcc/arm-none-eabi/14.2.1/thumb/v7-m/nofp\libgcc.a
LOAD C:/nxp/MCUXpressoIDE_25.6.136/ide/plugins/com.nxp.mcuxpresso.tools.win32_25.6.0.202501151204/tools/bin/../lib/gcc/arm-none-eabi/14.2.1/thumb/v7-m/nofp\libc.a
LOAD C:/nxp/MCUXpressoIDE_25.6.136/ide/plugins/com.nxp.mcuxpresso.tools.win32_25.6.0.202501151204/tools/bin/../lib/gcc/arm-none-eabi/14.2.1/thumb/v7-m/nofp\libm.a
LOAD C:/nxp/MCUXpressoIDE_25.6.136/ide/plugins/com.nxp.mcuxpresso.tools.win32_25.6.0.202501151204/tools/bin/../lib/gcc/arm-none-eabi/14.2.1/../../../../arm-none-eabi/lib/thumb/v7-m/nofp\libcr_newlib_semihost.a
END GROUP
                0x00000000                        __base_MFlash512 = 0x0
                0x00000000                        __base_Flash = 0x0
                0x00080000                        __top_MFlash512 = 0x80000
                0x00080000                        __top_Flash = 0x80000
                0x10000000                        __base_RamLoc32 = 0x10000000
                0x10000000                        __base_RAM = 0x10000000
                0x10008000                        __top_RamLoc32 = 0x10008000
                0x10008000                        __top_RAM = 0x10008000
                0x2007c000                        __base_RamAHB32 = 0x2007c000
                0x2007c000                        __base_RAM2 = 0x2007c000
                0x20084000                        __top_RamAHB32 = 0x20084000
                0x20084000                        __top_RAM2 = 0x20084000

.text           0x00000000     0xbbb8
 FILL mask 0xff
                0x00000000                        __vectors_start__ = ABSOLUTE (.)
 *(.isr_vector)
 .isr_vector    0x00000000       0xcc ./src/cr_startup_lpc17.o
                0x00000000                g_pfnVectors
                0x000000cc                        . = ALIGN (0x4)
                0x000000cc                        __section_table_start = .
                0x000000cc                        __data_section_table = .
                0x000000cc        0x4 LONG 0xbbc0 LOADADDR (.data)
                0x000000d0        0x4 LONG 0x10000000 ADDR (.data)
                0x000000d4        0x4 LONG 0x6e0 SIZEOF (.data)
                0x000000d8        0x4 LONG 0xbbc0 LOADADDR (.data_RAM2)
                0x000000dc        0x4 LONG 0x2007c000 ADDR (.data_RAM2)
                0x000000e0        0x4 LONG 0x0 SIZEOF (.data_RAM2)
                0x000000e4                        __data_section_table_end = .
                0x000000e4                        __bss_section_table = .
                0x000000e4        0x4 LONG 0x100006e0 ADDR (.bss)
                0x000000e8        0x4 LONG 0x4dc SIZEOF (.bss)
                0x000000ec        0x4 LONG 0x2007c000 ADDR (.bss_RAM2)
                0x000000f0        0x4 LONG 0x0 SIZEOF (.bss_RAM2)
                0x000000f4                        __bss_section_table_end = .
                0x000000f4                        __section_table_end = .
 *(.after_vectors*)
 *(.text*)
 .text.alarm_check
                0x000000f4       0x60 ./src/app_alarm.o
                0x000000f4                alarm_check
 .text.alarm_clear
                0x00000154       0x18 ./src/app_alarm.o
                0x00000154                alarm_clear
 .text.alarm_get_hour
                0x0000016c       0x14 ./src/app_alarm.o
                0x0000016c                alarm_get_hour
 .text.alarm_get_minute
                0x00000180       0x14 ./src/app_alarm.o
                0x00000180                alarm_get_minute
 .text.alarm_inc_hour
                0x00000194       0x38 ./src/app_alarm.o
                0x00000194                alarm_inc_hour
 .text.alarm_dec_hour
                0x000001cc       0x28 ./src/app_alarm.o
                0x000001cc                alarm_dec_hour
 .text.alarm_inc_minute
                0x000001f4       0x38 ./src/app_alarm.o
                0x000001f4                alarm_inc_minute
 .text.alarm_dec_minute
                0x0000022c       0x28 ./src/app_alarm.o
                0x0000022c                alarm_dec_minute
 .text.alarm_get_volume
                0x00000254       0x14 ./src/app_alarm.o
                0x00000254                alarm_get_volume
 .text.alarm_set_volume
                0x00000268       0x24 ./src/app_alarm.o
                0x00000268                alarm_set_volume
 .text.alarm_get_sound
                0x0000028c       0x14 ./src/app_alarm.o
                0x0000028c                alarm_get_sound
 .text.alarm_set_sound
                0x000002a0       0x24 ./src/app_alarm.o
                0x000002a0                alarm_set_sound
 .text.getNote  0x000002c4      0x144 ./src/app_buzzer.o
 .text.delay_us_soft
                0x00000408       0x32 ./src/app_buzzer.o
 .text.delay_ms_soft
                0x0000043a       0x30 ./src/app_buzzer.o
 .text.buzzer_set_volume
                0x0000046a       0xb4 ./src/app_buzzer.o
                0x0000046a                buzzer_set_volume
 .text.playNote
                0x0000051e       0xa0 ./src/app_buzzer.o
 .text.buzzer_init
                0x000005be       0x7a ./src/app_buzzer.o
                0x000005be                buzzer_init
 .text.buzzer_play_alarm
                0x00000638       0xe0 ./src/app_buzzer.o
                0x00000638                buzzer_play_alarm
 .text.__WFI    0x00000718        0xe ./src/app_menu.o
 *fill*         0x00000726        0x2 ff
 .text.NVIC_EnableIRQ
                0x00000728       0x30 ./src/app_menu.o
 .text.EINT0_IRQHandler
                0x00000758       0x20 ./src/app_menu.o
                0x00000758                EINT0_IRQHandler
 .text.system_enter_deep_sleep
                0x00000778       0x54 ./src/app_menu.o
                0x00000778                system_enter_deep_sleep
 .text.sleep_config_eint0
                0x000007cc       0x64 ./src/app_menu.o
                0x000007cc                sleep_config_eint0
 .text.menu_init
                0x00000830       0x54 ./src/app_menu.o
                0x00000830                menu_init
 .text.menu_process
                0x00000884      0x4a8 ./src/app_menu.o
                0x00000884                menu_process
 .text.menu_update_display
                0x00000d2c      0x52c ./src/app_menu.o
                0x00000d2c                menu_update_display
 .text.init_app_temp
                0x00001258       0x16 ./src/app_temp.o
                0x00001258                init_app_temp
 *fill*         0x0000126e        0x2 ff
 .text.get_temp_string
                0x00001270       0x54 ./src/app_temp.o
                0x00001270                get_temp_string
 .text.init_time
                0x000012c4       0x3c ./src/app_time.o
                0x000012c4                init_time
 .text.get_time_string
                0x00001300       0x3c ./src/app_time.o
                0x00001300                get_time_string
 .text.time_get_hour
                0x0000133c       0x20 ./src/app_time.o
                0x0000133c                time_get_hour
 .text.time_get_minute
                0x0000135c       0x20 ./src/app_time.o
                0x0000135c                time_get_minute
 .text.time_inc_hour
                0x0000137c       0x44 ./src/app_time.o
                0x0000137c                time_inc_hour
 .text.time_dec_hour
                0x000013c0       0x38 ./src/app_time.o
                0x000013c0                time_dec_hour
 .text.time_inc_minute
                0x000013f8       0x44 ./src/app_time.o
                0x000013f8                time_inc_minute
 .text.time_dec_minute
                0x0000143c       0x38 ./src/app_time.o
                0x0000143c                time_dec_minute
 .text.ResetISR
                0x00001474       0x5c ./src/cr_startup_lpc17.o
                0x00001474                ResetISR
 .text.NMI_Handler
                0x000014d0        0x8 ./src/cr_startup_lpc17.o
                0x000014d0                NMI_Handler
 .text.HardFault_Handler
                0x000014d8        0x8 ./src/cr_startup_lpc17.o
                0x000014d8                HardFault_Handler
 .text.MemManage_Handler
                0x000014e0        0x8 ./src/cr_startup_lpc17.o
                0x000014e0                MemManage_Handler
 .text.BusFault_Handler
                0x000014e8        0x8 ./src/cr_startup_lpc17.o
                0x000014e8                BusFault_Handler
 .text.UsageFault_Handler
                0x000014f0        0x8 ./src/cr_startup_lpc17.o
                0x000014f0                UsageFault_Handler
 .text.SVCall_Handler
                0x000014f8        0x8 ./src/cr_startup_lpc17.o
                0x000014f8                SVCall_Handler
 .text.DebugMon_Handler
                0x00001500        0x8 ./src/cr_startup_lpc17.o
                0x00001500                DebugMon_Handler
 .text.PendSV_Handler
                0x00001508        0x8 ./src/cr_startup_lpc17.o
                0x00001508                PendSV_Handler
 .text.IntDefaultHandler
                0x00001510        0x8 ./src/cr_startup_lpc17.o
                0x00001510                TIMER2_IRQHandler
                0x00001510                RIT_IRQHandler
                0x00001510                I2C0_IRQHandler
                0x00001510                USBActivity_IRQHandler
                0x00001510                PWM1_IRQHandler
                0x00001510                I2C1_IRQHandler
                0x00001510                EINT2_IRQHandler
                0x00001510                UART1_IRQHandler
                0x00001510                EINT3_IRQHandler
                0x00001510                CANActivity_IRQHandler
                0x00001510                TIMER3_IRQHandler
                0x00001510                UART0_IRQHandler
                0x00001510                IntDefaultHandler
                0x00001510                PLL0_IRQHandler
                0x00001510                CAN_IRQHandler
                0x00001510                PLL1_IRQHandler
                0x00001510                SSP0_IRQHandler
                0x00001510                I2S_IRQHandler
                0x00001510                I2C2_IRQHandler
                0x00001510                RTC_IRQHandler
                0x00001510                TIMER0_IRQHandler
                0x00001510                SPI_IRQHandler
                0x00001510                EINT1_IRQHandler
                0x00001510                TIMER1_IRQHandler
                0x00001510                UART2_IRQHandler
                0x00001510                ADC_IRQHandler
                0x00001510                SSP1_IRQHandler
                0x00001510                USB_IRQHandler
                0x00001510                BOD_IRQHandler
                0x00001510                WDT_IRQHandler
                0x00001510                QEI_IRQHandler
                0x00001510                DMA_IRQHandler
                0x00001510                UART3_IRQHandler
                0x00001510                MCPWM_IRQHandler
                0x00001510                ENET_IRQHandler
 .text.NVIC_SetPriority
                0x00001518       0x54 ./src/main.o
 .text.SysTick_Config
                0x0000156c       0x44 ./src/main.o
 .text.SysTick_Handler
                0x000015b0       0x1c ./src/main.o
                0x000015b0                SysTick_Handler
 .text.getTicks
                0x000015cc       0x14 ./src/main.o
                0x000015cc                getTicks
 .text.init_i2c
                0x000015e0       0x50 ./src/main.o
 .text.init_ssp
                0x00001630       0x78 ./src/main.o
 .text.main     0x000016a8       0x7c ./src/main.o
                0x000016a8                main
 .text.check_failed
                0x00001724        0xe ./src/main.o
                0x00001724                check_failed
 *fill*         0x00001732        0x2 ff
 .text.SystemInit
                0x00001734      0x140 C:\Users\Antoni\Documents\MCUXpressoIDE_25.6.136\G06_NEW\Lib_CMSISv1p30_LPC17xx\Debug\libCMSISv1p30_LPC17xx.a(system_LPC17xx.o)
                0x00001734                SystemInit
 .text.joystick_init
                0x00001874       0x1e C:\Users\Antoni\Documents\MCUXpressoIDE_25.6.136\G06_NEW\Lib_EaBaseBoard\Debug\libLib_EaBaseBoard.a(joystick.o)
                0x00001874                joystick_init
 .text.joystick_read
                0x00001892       0x86 C:\Users\Antoni\Documents\MCUXpressoIDE_25.6.136\G06_NEW\Lib_EaBaseBoard\Debug\libLib_EaBaseBoard.a(joystick.o)
                0x00001892                joystick_read
 .text.writeCommand
                0x00001918       0x48 C:\Users\Antoni\Documents\MCUXpressoIDE_25.6.136\G06_NEW\Lib_EaBaseBoard\Debug\libLib_EaBaseBoard.a(oled.o)
 .text.writeData
                0x00001960       0x48 C:\Users\Antoni\Documents\MCUXpressoIDE_25.6.136\G06_NEW\Lib_EaBaseBoard\Debug\libLib_EaBaseBoard.a(oled.o)
 .text.writeDataLen
                0x000019a8       0x78 C:\Users\Antoni\Documents\MCUXpressoIDE_25.6.136\G06_NEW\Lib_EaBaseBoard\Debug\libLib_EaBaseBoard.a(oled.o)
 .text.runInitSequence
                0x00001a20       0xd4 C:\Users\Antoni\Documents\MCUXpressoIDE_25.6.136\G06_NEW\Lib_EaBaseBoard\Debug\libLib_EaBaseBoard.a(oled.o)
 .text.hLine    0x00001af4       0x58 C:\Users\Antoni\Documents\MCUXpressoIDE_25.6.136\G06_NEW\Lib_EaBaseBoard\Debug\libLib_EaBaseBoard.a(oled.o)
 .text.vLine    0x00001b4c       0x56 C:\Users\Antoni\Documents\MCUXpressoIDE_25.6.136\G06_NEW\Lib_EaBaseBoard\Debug\libLib_EaBaseBoard.a(oled.o)
 *fill*         0x00001ba2        0x2 ff
 .text.oled_init
                0x00001ba4       0x74 C:\Users\Antoni\Documents\MCUXpressoIDE_25.6.136\G06_NEW\Lib_EaBaseBoard\Debug\libLib_EaBaseBoard.a(oled.o)
                0x00001ba4                oled_init
 .text.oled_putPixel
                0x00001c18      0x150 C:\Users\Antoni\Documents\MCUXpressoIDE_25.6.136\G06_NEW\Lib_EaBaseBoard\Debug\libLib_EaBaseBoard.a(oled.o)
                0x00001c18                oled_putPixel
 .text.oled_fillRect
                0x00001d68       0x9e C:\Users\Antoni\Documents\MCUXpressoIDE_25.6.136\G06_NEW\Lib_EaBaseBoard\Debug\libLib_EaBaseBoard.a(oled.o)
                0x00001d68                oled_fillRect
 *fill*         0x00001e06        0x2 ff
 .text.oled_clearScreen
                0x00001e08       0x64 C:\Users\Antoni\Documents\MCUXpressoIDE_25.6.136\G06_NEW\Lib_EaBaseBoard\Debug\libLib_EaBaseBoard.a(oled.o)
                0x00001e08                oled_clearScreen
 .text.oled_putChar
                0x00001e6c       0xd8 C:\Users\Antoni\Documents\MCUXpressoIDE_25.6.136\G06_NEW\Lib_EaBaseBoard\Debug\libLib_EaBaseBoard.a(oled.o)
                0x00001e6c                oled_putChar
 .text.oled_putString
                0x00001f44       0x52 C:\Users\Antoni\Documents\MCUXpressoIDE_25.6.136\G06_NEW\Lib_EaBaseBoard\Debug\libLib_EaBaseBoard.a(oled.o)
                0x00001f44                oled_putString
 *fill*         0x00001f96        0x2 ff
 .text.temp_init
                0x00001f98       0x24 C:\Users\Antoni\Documents\MCUXpressoIDE_25.6.136\G06_NEW\Lib_EaBaseBoard\Debug\libLib_EaBaseBoard.a(temp.o)
                0x00001f98                temp_init
 .text.temp_read
                0x00001fbc       0xf0 C:\Users\Antoni\Documents\MCUXpressoIDE_25.6.136\G06_NEW\Lib_EaBaseBoard\Debug\libLib_EaBaseBoard.a(temp.o)
                0x00001fbc                temp_read
 .text.GPIO_GetPointer
                0x000020ac       0x70 C:\Users\Antoni\Documents\MCUXpressoIDE_25.6.136\G06_NEW\Lib_MCU\Debug\libLib_MCU.a(lpc17xx_gpio.o)
 .text.GPIO_SetDir
                0x0000211c       0x4a C:\Users\Antoni\Documents\MCUXpressoIDE_25.6.136\G06_NEW\Lib_MCU\Debug\libLib_MCU.a(lpc17xx_gpio.o)
                0x0000211c                GPIO_SetDir
 .text.GPIO_SetValue
                0x00002166       0x2a C:\Users\Antoni\Documents\MCUXpressoIDE_25.6.136\G06_NEW\Lib_MCU\Debug\libLib_MCU.a(lpc17xx_gpio.o)
                0x00002166                GPIO_SetValue
 .text.GPIO_ClearValue
                0x00002190       0x2a C:\Users\Antoni\Documents\MCUXpressoIDE_25.6.136\G06_NEW\Lib_MCU\Debug\libLib_MCU.a(lpc17xx_gpio.o)
                0x00002190                GPIO_ClearValue
 .text.GPIO_ReadValue
                0x000021ba       0x2a C:\Users\Antoni\Documents\MCUXpressoIDE_25.6.136\G06_NEW\Lib_MCU\Debug\libLib_MCU.a(lpc17xx_gpio.o)
                0x000021ba                GPIO_ReadValue
 .text.I2C_SetClock
                0x000021e4       0xa4 C:\Users\Antoni\Documents\MCUXpressoIDE_25.6.136\G06_NEW\Lib_MCU\Debug\libLib_MCU.a(lpc17xx_i2c.o)
 .text.I2C_Init
                0x00002288       0xa4 C:\Users\Antoni\Documents\MCUXpressoIDE_25.6.136\G06_NEW\Lib_MCU\Debug\libLib_MCU.a(lpc17xx_i2c.o)
                0x00002288                I2C_Init
 .text.I2C_Cmd  0x0000232c       0x70 C:\Users\Antoni\Documents\MCUXpressoIDE_25.6.136\G06_NEW\Lib_MCU\Debug\libLib_MCU.a(lpc17xx_i2c.o)
                0x0000232c                I2C_Cmd
 .text.set_PinFunc
                0x0000239c       0x80 C:\Users\Antoni\Documents\MCUXpressoIDE_25.6.136\G06_NEW\Lib_MCU\Debug\libLib_MCU.a(lpc17xx_pinsel.o)
 .text.set_ResistorMode
                0x0000241c       0x80 C:\Users\Antoni\Documents\MCUXpressoIDE_25.6.136\G06_NEW\Lib_MCU\Debug\libLib_MCU.a(lpc17xx_pinsel.o)
 .text.set_OpenDrainMode
                0x0000249c       0x68 C:\Users\Antoni\Documents\MCUXpressoIDE_25.6.136\G06_NEW\Lib_MCU\Debug\libLib_MCU.a(lpc17xx_pinsel.o)
 .text.PINSEL_ConfigPin
                0x00002504       0x46 C:\Users\Antoni\Documents\MCUXpressoIDE_25.6.136\G06_NEW\Lib_MCU\Debug\libLib_MCU.a(lpc17xx_pinsel.o)
                0x00002504                PINSEL_ConfigPin
 *fill*         0x0000254a        0x2 ff
 .text.RTC_Init
                0x0000254c       0x50 C:\Users\Antoni\Documents\MCUXpressoIDE_25.6.136\G06_NEW\Lib_MCU\Debug\libLib_MCU.a(lpc17xx_rtc.o)
                0x0000254c                RTC_Init
 .text.RTC_ResetClockTickCounter
                0x0000259c       0x48 C:\Users\Antoni\Documents\MCUXpressoIDE_25.6.136\G06_NEW\Lib_MCU\Debug\libLib_MCU.a(lpc17xx_rtc.o)
                0x0000259c                RTC_ResetClockTickCounter
 .text.RTC_Cmd  0x000025e4       0x68 C:\Users\Antoni\Documents\MCUXpressoIDE_25.6.136\G06_NEW\Lib_MCU\Debug\libLib_MCU.a(lpc17xx_rtc.o)
                0x000025e4                RTC_Cmd
 .text.RTC_SetFullTime
                0x0000264c       0xb8 C:\Users\Antoni\Documents\MCUXpressoIDE_25.6.136\G06_NEW\Lib_MCU\Debug\libLib_MCU.a(lpc17xx_rtc.o)
                0x0000264c                RTC_SetFullTime
 .text.RTC_GetFullTime
                0x00002704       0xa8 C:\Users\Antoni\Documents\MCUXpressoIDE_25.6.136\G06_NEW\Lib_MCU\Debug\libLib_MCU.a(lpc17xx_rtc.o)
                0x00002704                RTC_GetFullTime
 .text.setSSPclock
                0x000027ac       0xc4 C:\Users\Antoni\Documents\MCUXpressoIDE_25.6.136\G06_NEW\Lib_MCU\Debug\libLib_MCU.a(lpc17xx_ssp.o)
 .text.SSP_Init
                0x00002870       0x9c C:\Users\Antoni\Documents\MCUXpressoIDE_25.6.136\G06_NEW\Lib_MCU\Debug\libLib_MCU.a(lpc17xx_ssp.o)
                0x00002870                SSP_Init
 .text.SSP_GetDataSize
                0x0000290c       0x40 C:\Users\Antoni\Documents\MCUXpressoIDE_25.6.136\G06_NEW\Lib_MCU\Debug\libLib_MCU.a(lpc17xx_ssp.o)
                0x0000290c                SSP_GetDataSize
 .text.SSP_ConfigStructInit
                0x0000294c       0x3c C:\Users\Antoni\Documents\MCUXpressoIDE_25.6.136\G06_NEW\Lib_MCU\Debug\libLib_MCU.a(lpc17xx_ssp.o)
                0x0000294c                SSP_ConfigStructInit
 .text.SSP_Cmd  0x00002988       0x6c C:\Users\Antoni\Documents\MCUXpressoIDE_25.6.136\G06_NEW\Lib_MCU\Debug\libLib_MCU.a(lpc17xx_ssp.o)
                0x00002988                SSP_Cmd
 .text.SSP_SendData
                0x000029f4       0x40 C:\Users\Antoni\Documents\MCUXpressoIDE_25.6.136\G06_NEW\Lib_MCU\Debug\libLib_MCU.a(lpc17xx_ssp.o)
                0x000029f4                SSP_SendData
 .text.SSP_ReceiveData
                0x00002a34       0x3c C:\Users\Antoni\Documents\MCUXpressoIDE_25.6.136\G06_NEW\Lib_MCU\Debug\libLib_MCU.a(lpc17xx_ssp.o)
                0x00002a34                SSP_ReceiveData
 .text.SSP_ReadWrite
                0x00002a70      0x34a C:\Users\Antoni\Documents\MCUXpressoIDE_25.6.136\G06_NEW\Lib_MCU\Debug\libLib_MCU.a(lpc17xx_ssp.o)
                0x00002a70                SSP_ReadWrite
 *fill*         0x00002dba        0x2 ff
 .text.getPClock
                0x00002dbc       0x58 C:\Users\Antoni\Documents\MCUXpressoIDE_25.6.136\G06_NEW\Lib_MCU\Debug\libLib_MCU.a(lpc17xx_timer.o)
 .text.converUSecToVal
                0x00002e14       0x64 C:\Users\Antoni\Documents\MCUXpressoIDE_25.6.136\G06_NEW\Lib_MCU\Debug\libLib_MCU.a(lpc17xx_timer.o)
 .text.converPtrToTimeNum
                0x00002e78       0x5c C:\Users\Antoni\Documents\MCUXpressoIDE_25.6.136\G06_NEW\Lib_MCU\Debug\libLib_MCU.a(lpc17xx_timer.o)
 .text.TIM_GetIntStatus
                0x00002ed4       0x98 C:\Users\Antoni\Documents\MCUXpressoIDE_25.6.136\G06_NEW\Lib_MCU\Debug\libLib_MCU.a(lpc17xx_timer.o)
                0x00002ed4                TIM_GetIntStatus
 .text.TIM_ClearIntPending
                0x00002f6c       0x88 C:\Users\Antoni\Documents\MCUXpressoIDE_25.6.136\G06_NEW\Lib_MCU\Debug\libLib_MCU.a(lpc17xx_timer.o)
                0x00002f6c                TIM_ClearIntPending
 .text.TIM_Init
                0x00002ff4      0x184 C:\Users\Antoni\Documents\MCUXpressoIDE_25.6.136\G06_NEW\Lib_MCU\Debug\libLib_MCU.a(lpc17xx_timer.o)
                0x00002ff4                TIM_Init
 .text.TIM_Cmd  0x00003178       0x70 C:\Users\Antoni\Documents\MCUXpressoIDE_25.6.136\G06_NEW\Lib_MCU\Debug\libLib_MCU.a(lpc17xx_timer.o)
                0x00003178                TIM_Cmd
 .text.TIM_ConfigMatch
                0x000031e8      0x188 C:\Users\Antoni\Documents\MCUXpressoIDE_25.6.136\G06_NEW\Lib_MCU\Debug\libLib_MCU.a(lpc17xx_timer.o)
                0x000031e8                TIM_ConfigMatch
 .text.Timer0_Wait
                0x00003370       0x76 C:\Users\Antoni\Documents\MCUXpressoIDE_25.6.136\G06_NEW\Lib_MCU\Debug\libLib_MCU.a(lpc17xx_timer.o)
                0x00003370                Timer0_Wait
 *fill*         0x000033e6        0x2 ff
 .text.CLKPWR_SetPCLKDiv
                0x000033e8       0x90 C:\Users\Antoni\Documents\MCUXpressoIDE_25.6.136\G06_NEW\Lib_MCU\Debug\libLib_MCU.a(lpc17xx_clkpwr.o)
                0x000033e8                CLKPWR_SetPCLKDiv
 .text.CLKPWR_GetPCLKSEL
                0x00003478       0x48 C:\Users\Antoni\Documents\MCUXpressoIDE_25.6.136\G06_NEW\Lib_MCU\Debug\libLib_MCU.a(lpc17xx_clkpwr.o)
                0x00003478                CLKPWR_GetPCLKSEL
 .text.CLKPWR_GetPCLK
                0x000034c0       0x64 C:\Users\Antoni\Documents\MCUXpressoIDE_25.6.136\G06_NEW\Lib_MCU\Debug\libLib_MCU.a(lpc17xx_clkpwr.o)
                0x000034c0                CLKPWR_GetPCLK
 .text.CLKPWR_ConfigPPWR
                0x00003524       0x58 C:\Users\Antoni\Documents\MCUXpressoIDE_25.6.136\G06_NEW\Lib_MCU\Debug\libLib_MCU.a(lpc17xx_clkpwr.o)
                0x00003524                CLKPWR_ConfigPPWR
 .text          0x0000357c       0x30 C:/nxp/MCUXpressoIDE_25.6.136/ide/plugins/com.nxp.mcuxpresso.tools.win32_25.6.0.202501151204/tools/bin/../lib/gcc/arm-none-eabi/14.2.1/thumb/v7-m/nofp\libgcc.a(_aeabi_uldivmod.o)
                0x0000357c                __aeabi_uldivmod
 .text.__udivmoddi4
                0x000035ac      0x2f4 C:/nxp/MCUXpressoIDE_25.6.136/ide/plugins/com.nxp.mcuxpresso.tools.win32_25.6.0.202501151204/tools/bin/../lib/gcc/arm-none-eabi/14.2.1/thumb/v7-m/nofp\libgcc.a(_udivmoddi4.o)
                0x000035ac                __udivmoddi4
 .text          0x000038a0        0x4 C:/nxp/MCUXpressoIDE_25.6.136/ide/plugins/com.nxp.mcuxpresso.tools.win32_25.6.0.202501151204/tools/bin/../lib/gcc/arm-none-eabi/14.2.1/thumb/v7-m/nofp\libgcc.a(_dvmd_tls.o)
                0x000038a0                __aeabi_idiv0
                0x000038a0                __aeabi_ldiv0
 .text.sprintf  0x000038a4       0x44 C:/nxp/MCUXpressoIDE_25.6.136/ide/plugins/com.nxp.mcuxpresso.tools.win32_25.6.0.202501151204/tools/bin/../lib/gcc/arm-none-eabi/14.2.1/thumb/v7-m/nofp\libc.a(libc_a-sprintf.o)
                0x000038a4                sprintf
 .text.memset   0x000038e8       0x9c C:/nxp/MCUXpressoIDE_25.6.136/ide/plugins/com.nxp.mcuxpresso.tools.win32_25.6.0.202501151204/tools/bin/../lib/gcc/arm-none-eabi/14.2.1/thumb/v7-m/nofp\libc.a(libc_a-memset.o)
                0x000038e8                memset
 .text._svfprintf_r
                0x00003984     0x2250 C:/nxp/MCUXpressoIDE_25.6.136/ide/plugins/com.nxp.mcuxpresso.tools.win32_25.6.0.202501151204/tools/bin/../lib/gcc/arm-none-eabi/14.2.1/thumb/v7-m/nofp\libc.a(libc_a-svfprintf.o)
                0x00003984                _svfprintf_r
 .text.__ssprint_r
                0x00005bd4       0x58 C:/nxp/MCUXpressoIDE_25.6.136/ide/plugins/com.nxp.mcuxpresso.tools.win32_25.6.0.202501151204/tools/bin/../lib/gcc/arm-none-eabi/14.2.1/thumb/v7-m/nofp\libc.a(libc_a-ssprint_r.o)
                0x00005bd4                __ssprint_r
 .text.stdio_exit_handler
                0x00005c2c       0x18 C:/nxp/MCUXpressoIDE_25.6.136/ide/plugins/com.nxp.mcuxpresso.tools.win32_25.6.0.202501151204/tools/bin/../lib/gcc/arm-none-eabi/14.2.1/thumb/v7-m/nofp\libc.a(libc_a-findfp.o)
 .text.cleanup_stdio
                0x00005c44       0x40 C:/nxp/MCUXpressoIDE_25.6.136/ide/plugins/com.nxp.mcuxpresso.tools.win32_25.6.0.202501151204/tools/bin/../lib/gcc/arm-none-eabi/14.2.1/thumb/v7-m/nofp\libc.a(libc_a-findfp.o)
 .text.global_stdio_init.part.0
                0x00005c84       0xf0 C:/nxp/MCUXpressoIDE_25.6.136/ide/plugins/com.nxp.mcuxpresso.tools.win32_25.6.0.202501151204/tools/bin/../lib/gcc/arm-none-eabi/14.2.1/thumb/v7-m/nofp\libc.a(libc_a-findfp.o)
 .text.__sinit  0x00005d74       0x3c C:/nxp/MCUXpressoIDE_25.6.136/ide/plugins/com.nxp.mcuxpresso.tools.win32_25.6.0.202501151204/tools/bin/../lib/gcc/arm-none-eabi/14.2.1/thumb/v7-m/nofp\libc.a(libc_a-findfp.o)
                0x00005d74                __sinit
 .text.__sfp_lock_acquire
                0x00005db0        0xc C:/nxp/MCUXpressoIDE_25.6.136/ide/plugins/com.nxp.mcuxpresso.tools.win32_25.6.0.202501151204/tools/bin/../lib/gcc/arm-none-eabi/14.2.1/thumb/v7-m/nofp\libc.a(libc_a-findfp.o)
                0x00005db0                __sfp_lock_acquire
 .text.__sfp_lock_release
                0x00005dbc        0xc C:/nxp/MCUXpressoIDE_25.6.136/ide/plugins/com.nxp.mcuxpresso.tools.win32_25.6.0.202501151204/tools/bin/../lib/gcc/arm-none-eabi/14.2.1/thumb/v7-m/nofp\libc.a(libc_a-findfp.o)
                0x00005dbc                __sfp_lock_release
 .text._fwalk_sglue
                0x00005dc8       0x44 C:/nxp/MCUXpressoIDE_25.6.136/ide/plugins/com.nxp.mcuxpresso.tools.win32_25.6.0.202501151204/tools/bin/../lib/gcc/arm-none-eabi/14.2.1/thumb/v7-m/nofp\libc.a(libc_a-fwalk.o)
                0x00005dc8                _fwalk_sglue
 .text.__sread  0x00005e0c       0x24 C:/nxp/MCUXpressoIDE_25.6.136/ide/plugins/com.nxp.mcuxpresso.tools.win32_25.6.0.202501151204/tools/bin/../lib/gcc/arm-none-eabi/14.2.1/thumb/v7-m/nofp\libc.a(libc_a-stdio.o)
                0x00005e0c                __sread
 .text.__swrite
                0x00005e30       0x40 C:/nxp/MCUXpressoIDE_25.6.136/ide/plugins/com.nxp.mcuxpresso.tools.win32_25.6.0.202501151204/tools/bin/../lib/gcc/arm-none-eabi/14.2.1/thumb/v7-m/nofp\libc.a(libc_a-stdio.o)
                0x00005e30                __swrite
 .text.__sseek  0x00005e70       0x24 C:/nxp/MCUXpressoIDE_25.6.136/ide/plugins/com.nxp.mcuxpresso.tools.win32_25.6.0.202501151204/tools/bin/../lib/gcc/arm-none-eabi/14.2.1/thumb/v7-m/nofp\libc.a(libc_a-stdio.o)
                0x00005e70                __sseek
 .text.__sclose
                0x00005e94        0x8 C:/nxp/MCUXpressoIDE_25.6.136/ide/plugins/com.nxp.mcuxpresso.tools.win32_25.6.0.202501151204/tools/bin/../lib/gcc/arm-none-eabi/14.2.1/thumb/v7-m/nofp\libc.a(libc_a-stdio.o)
                0x00005e94                __sclose
 .text.strncpy  0x00005e9c       0x6c C:/nxp/MCUXpressoIDE_25.6.136/ide/plugins/com.nxp.mcuxpresso.tools.win32_25.6.0.202501151204/tools/bin/../lib/gcc/arm-none-eabi/14.2.1/thumb/v7-m/nofp\libc.a(libc_a-strncpy.o)
                0x00005e9c                strncpy
 .text.__locale_mb_cur_max
                0x00005f08        0xc C:/nxp/MCUXpressoIDE_25.6.136/ide/plugins/com.nxp.mcuxpresso.tools.win32_25.6.0.202501151204/tools/bin/../lib/gcc/arm-none-eabi/14.2.1/thumb/v7-m/nofp\libc.a(libc_a-locale.o)
                0x00005f08                __locale_mb_cur_max
 .text._localeconv_r
                0x00005f14        0x8 C:/nxp/MCUXpressoIDE_25.6.136/ide/plugins/com.nxp.mcuxpresso.tools.win32_25.6.0.202501151204/tools/bin/../lib/gcc/arm-none-eabi/14.2.1/thumb/v7-m/nofp\libc.a(libc_a-localeconv.o)
                0x00005f14                _localeconv_r
 .text._close_r
                0x00005f1c       0x24 C:/nxp/MCUXpressoIDE_25.6.136/ide/plugins/com.nxp.mcuxpresso.tools.win32_25.6.0.202501151204/tools/bin/../lib/gcc/arm-none-eabi/14.2.1/thumb/v7-m/nofp\libc.a(libc_a-closer.o)
                0x00005f1c                _close_r
 .text._lseek_r
                0x00005f40       0x2c C:/nxp/MCUXpressoIDE_25.6.136/ide/plugins/com.nxp.mcuxpresso.tools.win32_25.6.0.202501151204/tools/bin/../lib/gcc/arm-none-eabi/14.2.1/thumb/v7-m/nofp\libc.a(libc_a-lseekr.o)
                0x00005f40                _lseek_r
 .text._read_r  0x00005f6c       0x2c C:/nxp/MCUXpressoIDE_25.6.136/ide/plugins/com.nxp.mcuxpresso.tools.win32_25.6.0.202501151204/tools/bin/../lib/gcc/arm-none-eabi/14.2.1/thumb/v7-m/nofp\libc.a(libc_a-readr.o)
                0x00005f6c                _read_r
 .text._write_r
                0x00005f98       0x2c C:/nxp/MCUXpressoIDE_25.6.136/ide/plugins/com.nxp.mcuxpresso.tools.win32_25.6.0.202501151204/tools/bin/../lib/gcc/arm-none-eabi/14.2.1/thumb/v7-m/nofp\libc.a(libc_a-writer.o)
                0x00005f98                _write_r
 .text.__retarget_lock_init_recursive
                0x00005fc4        0x4 C:/nxp/MCUXpressoIDE_25.6.136/ide/plugins/com.nxp.mcuxpresso.tools.win32_25.6.0.202501151204/tools/bin/../lib/gcc/arm-none-eabi/14.2.1/thumb/v7-m/nofp\libc.a(libc_a-lock.o)
                0x00005fc4                __retarget_lock_init_recursive
 .text.__retarget_lock_close_recursive
                0x00005fc8        0x4 C:/nxp/MCUXpressoIDE_25.6.136/ide/plugins/com.nxp.mcuxpresso.tools.win32_25.6.0.202501151204/tools/bin/../lib/gcc/arm-none-eabi/14.2.1/thumb/v7-m/nofp\libc.a(libc_a-lock.o)
                0x00005fc8                __retarget_lock_close_recursive
 .text.__retarget_lock_acquire_recursive
                0x00005fcc        0x4 C:/nxp/MCUXpressoIDE_25.6.136/ide/plugins/com.nxp.mcuxpresso.tools.win32_25.6.0.202501151204/tools/bin/../lib/gcc/arm-none-eabi/14.2.1/thumb/v7-m/nofp\libc.a(libc_a-lock.o)
                0x00005fcc                __retarget_lock_acquire_recursive
 .text.__retarget_lock_release_recursive
                0x00005fd0        0x4 C:/nxp/MCUXpressoIDE_25.6.136/ide/plugins/com.nxp.mcuxpresso.tools.win32_25.6.0.202501151204/tools/bin/../lib/gcc/arm-none-eabi/14.2.1/thumb/v7-m/nofp\libc.a(libc_a-lock.o)
                0x00005fd0                __retarget_lock_release_recursive
 .text.memchr   0x00005fd4       0x80 C:/nxp/MCUXpressoIDE_25.6.136/ide/plugins/com.nxp.mcuxpresso.tools.win32_25.6.0.202501151204/tools/bin/../lib/gcc/arm-none-eabi/14.2.1/thumb/v7-m/nofp\libc.a(libc_a-memchr-stub.o)
                0x00005fd4                memchr
 .text.strlen   0x00006054       0x5c C:/nxp/MCUXpressoIDE_25.6.136/ide/plugins/com.nxp.mcuxpresso.tools.win32_25.6.0.202501151204/tools/bin/../lib/gcc/arm-none-eabi/14.2.1/thumb/v7-m/nofp\libc.a(libc_a-strlen-stub.o)
                0x00006054                strlen
 .text.frexp    0x000060b0       0x6c C:/nxp/MCUXpressoIDE_25.6.136/ide/plugins/com.nxp.mcuxpresso.tools.win32_25.6.0.202501151204/tools/bin/../lib/gcc/arm-none-eabi/14.2.1/thumb/v7-m/nofp\libc.a(libm_a-s_frexp.o)
                0x000060b0                frexp
 .text.quorem   0x0000611c      0x13c C:/nxp/MCUXpressoIDE_25.6.136/ide/plugins/com.nxp.mcuxpresso.tools.win32_25.6.0.202501151204/tools/bin/../lib/gcc/arm-none-eabi/14.2.1/thumb/v7-m/nofp\libc.a(libc_a-dtoa.o)
 .text._dtoa_r  0x00006258     0x1030 C:/nxp/MCUXpressoIDE_25.6.136/ide/plugins/com.nxp.mcuxpresso.tools.win32_25.6.0.202501151204/tools/bin/../lib/gcc/arm-none-eabi/14.2.1/thumb/v7-m/nofp\libc.a(libc_a-dtoa.o)
                0x00006258                _dtoa_r
 .text._malloc_trim_r
                0x00007288       0xb8 C:/nxp/MCUXpressoIDE_25.6.136/ide/plugins/com.nxp.mcuxpresso.tools.win32_25.6.0.202501151204/tools/bin/../lib/gcc/arm-none-eabi/14.2.1/thumb/v7-m/nofp\libc.a(libc_a-freer.o)
                0x00007288                _malloc_trim_r
 .text._free_r  0x00007340      0x1e8 C:/nxp/MCUXpressoIDE_25.6.136/ide/plugins/com.nxp.mcuxpresso.tools.win32_25.6.0.202501151204/tools/bin/../lib/gcc/arm-none-eabi/14.2.1/thumb/v7-m/nofp\libc.a(libc_a-freer.o)
                0x00007340                _free_r
 .text._malloc_r
                0x00007528      0x57c C:/nxp/MCUXpressoIDE_25.6.136/ide/plugins/com.nxp.mcuxpresso.tools.win32_25.6.0.202501151204/tools/bin/../lib/gcc/arm-none-eabi/14.2.1/thumb/v7-m/nofp\libc.a(libc_a-mallocr.o)
                0x00007528                _malloc_r
 .text.__ascii_mbtowc
                0x00007aa4       0x2c C:/nxp/MCUXpressoIDE_25.6.136/ide/plugins/com.nxp.mcuxpresso.tools.win32_25.6.0.202501151204/tools/bin/../lib/gcc/arm-none-eabi/14.2.1/thumb/v7-m/nofp\libc.a(libc_a-mbtowc_r.o)
                0x00007aa4                __ascii_mbtowc
 .text.__malloc_lock
                0x00007ad0        0xc C:/nxp/MCUXpressoIDE_25.6.136/ide/plugins/com.nxp.mcuxpresso.tools.win32_25.6.0.202501151204/tools/bin/../lib/gcc/arm-none-eabi/14.2.1/thumb/v7-m/nofp\libc.a(libc_a-mlock.o)
                0x00007ad0                __malloc_lock
 .text.__malloc_unlock
                0x00007adc        0xc C:/nxp/MCUXpressoIDE_25.6.136/ide/plugins/com.nxp.mcuxpresso.tools.win32_25.6.0.202501151204/tools/bin/../lib/gcc/arm-none-eabi/14.2.1/thumb/v7-m/nofp\libc.a(libc_a-mlock.o)
                0x00007adc                __malloc_unlock
 .text._Balloc  0x00007ae8       0x4c C:/nxp/MCUXpressoIDE_25.6.136/ide/plugins/com.nxp.mcuxpresso.tools.win32_25.6.0.202501151204/tools/bin/../lib/gcc/arm-none-eabi/14.2.1/thumb/v7-m/nofp\libc.a(libc_a-mprec.o)
                0x00007ae8                _Balloc
 .text._Bfree   0x00007b34       0x14 C:/nxp/MCUXpressoIDE_25.6.136/ide/plugins/com.nxp.mcuxpresso.tools.win32_25.6.0.202501151204/tools/bin/../lib/gcc/arm-none-eabi/14.2.1/thumb/v7-m/nofp\libc.a(libc_a-mprec.o)
                0x00007b34                _Bfree
 .text.__multadd
                0x00007b48       0xa4 C:/nxp/MCUXpressoIDE_25.6.136/ide/plugins/com.nxp.mcuxpresso.tools.win32_25.6.0.202501151204/tools/bin/../lib/gcc/arm-none-eabi/14.2.1/thumb/v7-m/nofp\libc.a(libc_a-mprec.o)
                0x00007b48                __multadd
 .text.__hi0bits
                0x00007bec       0x54 C:/nxp/MCUXpressoIDE_25.6.136/ide/plugins/com.nxp.mcuxpresso.tools.win32_25.6.0.202501151204/tools/bin/../lib/gcc/arm-none-eabi/14.2.1/thumb/v7-m/nofp\libc.a(libc_a-mprec.o)
                0x00007bec                __hi0bits
 .text.__lo0bits
                0x00007c40       0x7c C:/nxp/MCUXpressoIDE_25.6.136/ide/plugins/com.nxp.mcuxpresso.tools.win32_25.6.0.202501151204/tools/bin/../lib/gcc/arm-none-eabi/14.2.1/thumb/v7-m/nofp\libc.a(libc_a-mprec.o)
                0x00007c40                __lo0bits
 .text.__i2b    0x00007cbc       0x5c C:/nxp/MCUXpressoIDE_25.6.136/ide/plugins/com.nxp.mcuxpresso.tools.win32_25.6.0.202501151204/tools/bin/../lib/gcc/arm-none-eabi/14.2.1/thumb/v7-m/nofp\libc.a(libc_a-mprec.o)
                0x00007cbc                __i2b
 .text.__multiply
                0x00007d18      0x168 C:/nxp/MCUXpressoIDE_25.6.136/ide/plugins/com.nxp.mcuxpresso.tools.win32_25.6.0.202501151204/tools/bin/../lib/gcc/arm-none-eabi/14.2.1/thumb/v7-m/nofp\libc.a(libc_a-mprec.o)
                0x00007d18                __multiply
 .text.__pow5mult
                0x00007e80       0xc0 C:/nxp/MCUXpressoIDE_25.6.136/ide/plugins/com.nxp.mcuxpresso.tools.win32_25.6.0.202501151204/tools/bin/../lib/gcc/arm-none-eabi/14.2.1/thumb/v7-m/nofp\libc.a(libc_a-mprec.o)
                0x00007e80                __pow5mult
 .text.__lshift
                0x00007f40       0xe8 C:/nxp/MCUXpressoIDE_25.6.136/ide/plugins/com.nxp.mcuxpresso.tools.win32_25.6.0.202501151204/tools/bin/../lib/gcc/arm-none-eabi/14.2.1/thumb/v7-m/nofp\libc.a(libc_a-mprec.o)
                0x00007f40                __lshift
 .text.__mcmp   0x00008028       0x40 C:/nxp/MCUXpressoIDE_25.6.136/ide/plugins/com.nxp.mcuxpresso.tools.win32_25.6.0.202501151204/tools/bin/../lib/gcc/arm-none-eabi/14.2.1/thumb/v7-m/nofp\libc.a(libc_a-mprec.o)
                0x00008028                __mcmp
 .text.__mdiff  0x00008068      0x164 C:/nxp/MCUXpressoIDE_25.6.136/ide/plugins/com.nxp.mcuxpresso.tools.win32_25.6.0.202501151204/tools/bin/../lib/gcc/arm-none-eabi/14.2.1/thumb/v7-m/nofp\libc.a(libc_a-mprec.o)
                0x00008068                __mdiff
 .text.__d2b    0x000081cc       0xb8 C:/nxp/MCUXpressoIDE_25.6.136/ide/plugins/com.nxp.mcuxpresso.tools.win32_25.6.0.202501151204/tools/bin/../lib/gcc/arm-none-eabi/14.2.1/thumb/v7-m/nofp\libc.a(libc_a-mprec.o)
                0x000081cc                __d2b
 .text.__ascii_wctomb
                0x00008284       0x1c C:/nxp/MCUXpressoIDE_25.6.136/ide/plugins/com.nxp.mcuxpresso.tools.win32_25.6.0.202501151204/tools/bin/../lib/gcc/arm-none-eabi/14.2.1/thumb/v7-m/nofp\libc.a(libc_a-wctomb_r.o)
                0x00008284                __ascii_wctomb
 .text._wcrtomb_r
                0x000082a0       0x4c C:/nxp/MCUXpressoIDE_25.6.136/ide/plugins/com.nxp.mcuxpresso.tools.win32_25.6.0.202501151204/tools/bin/../lib/gcc/arm-none-eabi/14.2.1/thumb/v7-m/nofp\libc.a(libc_a-wcrtomb.o)
                0x000082a0                _wcrtomb_r
 .text._wcsrtombs_r
                0x000082ec       0x18 C:/nxp/MCUXpressoIDE_25.6.136/ide/plugins/com.nxp.mcuxpresso.tools.win32_25.6.0.202501151204/tools/bin/../lib/gcc/arm-none-eabi/14.2.1/thumb/v7-m/nofp\libc.a(libc_a-wcsrtombs.o)
                0x000082ec                _wcsrtombs_r
 .text.__ssputs_r
                0x00008304       0xc0 C:/nxp/MCUXpressoIDE_25.6.136/ide/plugins/com.nxp.mcuxpresso.tools.win32_25.6.0.202501151204/tools/bin/../lib/gcc/arm-none-eabi/14.2.1/thumb/v7-m/nofp\libc.a(libc_a-ssputs_r.o)
                0x00008304                __ssputs_r
 .text._fclose_r
                0x000083c4       0xc0 C:/nxp/MCUXpressoIDE_25.6.136/ide/plugins/com.nxp.mcuxpresso.tools.win32_25.6.0.202501151204/tools/bin/../lib/gcc/arm-none-eabi/14.2.1/thumb/v7-m/nofp\libc.a(libc_a-fclose.o)
                0x000083c4                _fclose_r
 .text.__sflush_r
                0x00008484      0x124 C:/nxp/MCUXpressoIDE_25.6.136/ide/plugins/com.nxp.mcuxpresso.tools.win32_25.6.0.202501151204/tools/bin/../lib/gcc/arm-none-eabi/14.2.1/thumb/v7-m/nofp\libc.a(libc_a-fflush.o)
                0x00008484                __sflush_r
 .text._fflush_r
                0x000085a8       0x54 C:/nxp/MCUXpressoIDE_25.6.136/ide/plugins/com.nxp.mcuxpresso.tools.win32_25.6.0.202501151204/tools/bin/../lib/gcc/arm-none-eabi/14.2.1/thumb/v7-m/nofp\libc.a(libc_a-fflush.o)
                0x000085a8                _fflush_r
 .text.memmove  0x000085fc       0xfc C:/nxp/MCUXpressoIDE_25.6.136/ide/plugins/com.nxp.mcuxpresso.tools.win32_25.6.0.202501151204/tools/bin/../lib/gcc/arm-none-eabi/14.2.1/thumb/v7-m/nofp\libc.a(libc_a-memmove.o)
                0x000085fc                memmove
 .text._sbrk_r  0x000086f8       0x24 C:/nxp/MCUXpressoIDE_25.6.136/ide/plugins/com.nxp.mcuxpresso.tools.win32_25.6.0.202501151204/tools/bin/../lib/gcc/arm-none-eabi/14.2.1/thumb/v7-m/nofp\libc.a(libc_a-sbrkr.o)
                0x000086f8                _sbrk_r
 .text.__errno  0x0000871c        0xc C:/nxp/MCUXpressoIDE_25.6.136/ide/plugins/com.nxp.mcuxpresso.tools.win32_25.6.0.202501151204/tools/bin/../lib/gcc/arm-none-eabi/14.2.1/thumb/v7-m/nofp\libc.a(libc_a-errno.o)
                0x0000871c                __errno
 .text.sysconf  0x00008728       0x1c C:/nxp/MCUXpressoIDE_25.6.136/ide/plugins/com.nxp.mcuxpresso.tools.win32_25.6.0.202501151204/tools/bin/../lib/gcc/arm-none-eabi/14.2.1/thumb/v7-m/nofp\libc.a(libc_a-sysconf.o)
                0x00008728                sysconf
 .text          0x00008744       0xec C:/nxp/MCUXpressoIDE_25.6.136/ide/plugins/com.nxp.mcuxpresso.tools.win32_25.6.0.202501151204/tools/bin/../lib/gcc/arm-none-eabi/14.2.1/thumb/v7-m/nofp\libc.a(libc_a-memcpy.o)
                0x00008744                memcpy
 .text.__assert_func
                0x00008830       0x40 C:/nxp/MCUXpressoIDE_25.6.136/ide/plugins/com.nxp.mcuxpresso.tools.win32_25.6.0.202501151204/tools/bin/../lib/gcc/arm-none-eabi/14.2.1/thumb/v7-m/nofp\libc.a(libc_a-assert.o)
                0x00008830                __assert_func
 .text._calloc_r
                0x00008870       0x6c C:/nxp/MCUXpressoIDE_25.6.136/ide/plugins/com.nxp.mcuxpresso.tools.win32_25.6.0.202501151204/tools/bin/../lib/gcc/arm-none-eabi/14.2.1/thumb/v7-m/nofp\libc.a(libc_a-callocr.o)
                0x00008870                _calloc_r
 .text._realloc_r
                0x000088dc      0x350 C:/nxp/MCUXpressoIDE_25.6.136/ide/plugins/com.nxp.mcuxpresso.tools.win32_25.6.0.202501151204/tools/bin/../lib/gcc/arm-none-eabi/14.2.1/thumb/v7-m/nofp\libc.a(libc_a-reallocr.o)
                0x000088dc                _realloc_r
 .text._wcsnrtombs_l
                0x00008c2c       0xf0 C:/nxp/MCUXpressoIDE_25.6.136/ide/plugins/com.nxp.mcuxpresso.tools.win32_25.6.0.202501151204/tools/bin/../lib/gcc/arm-none-eabi/14.2.1/thumb/v7-m/nofp\libc.a(libc_a-wcsnrtombs.o)
                0x00008c2c                _wcsnrtombs_l
 .text._wcsnrtombs_r
                0x00008d1c       0x24 C:/nxp/MCUXpressoIDE_25.6.136/ide/plugins/com.nxp.mcuxpresso.tools.win32_25.6.0.202501151204/tools/bin/../lib/gcc/arm-none-eabi/14.2.1/thumb/v7-m/nofp\libc.a(libc_a-wcsnrtombs.o)
                0x00008d1c                _wcsnrtombs_r
 .text.fiprintf
                0x00008d40       0x28 C:/nxp/MCUXpressoIDE_25.6.136/ide/plugins/com.nxp.mcuxpresso.tools.win32_25.6.0.202501151204/tools/bin/../lib/gcc/arm-none-eabi/14.2.1/thumb/v7-m/nofp\libc.a(libc_a-fiprintf.o)
                0x00008d40                fiprintf
 .text._vfiprintf_r
                0x00008d68     0x1238 C:/nxp/MCUXpressoIDE_25.6.136/ide/plugins/com.nxp.mcuxpresso.tools.win32_25.6.0.202501151204/tools/bin/../lib/gcc/arm-none-eabi/14.2.1/thumb/v7-m/nofp\libc.a(libc_a-vfiprintf.o)
                0x00008d68                _vfiprintf_r
 .text.__sbprintf
                0x00009fa0       0x84 C:/nxp/MCUXpressoIDE_25.6.136/ide/plugins/com.nxp.mcuxpresso.tools.win32_25.6.0.202501151204/tools/bin/../lib/gcc/arm-none-eabi/14.2.1/thumb/v7-m/nofp\libc.a(libc_a-vfiprintf.o)
 .text.__sprint_r
                0x0000a024       0x20 C:/nxp/MCUXpressoIDE_25.6.136/ide/plugins/com.nxp.mcuxpresso.tools.win32_25.6.0.202501151204/tools/bin/../lib/gcc/arm-none-eabi/14.2.1/thumb/v7-m/nofp\libc.a(libc_a-sprint_r.o)
                0x0000a024                __sprint_r
 .text.__sfvwrite_r
                0x0000a044      0x2d8 C:/nxp/MCUXpressoIDE_25.6.136/ide/plugins/com.nxp.mcuxpresso.tools.win32_25.6.0.202501151204/tools/bin/../lib/gcc/arm-none-eabi/14.2.1/thumb/v7-m/nofp\libc.a(libc_a-fvwrite.o)
                0x0000a044                __sfvwrite_r
 .text.__swsetup_r
                0x0000a31c       0xfc C:/nxp/MCUXpressoIDE_25.6.136/ide/plugins/com.nxp.mcuxpresso.tools.win32_25.6.0.202501151204/tools/bin/../lib/gcc/arm-none-eabi/14.2.1/thumb/v7-m/nofp\libc.a(libc_a-wsetup.o)
                0x0000a31c                __swsetup_r
 .text.abort    0x0000a418       0x10 C:/nxp/MCUXpressoIDE_25.6.136/ide/plugins/com.nxp.mcuxpresso.tools.win32_25.6.0.202501151204/tools/bin/../lib/gcc/arm-none-eabi/14.2.1/thumb/v7-m/nofp\libc.a(libc_a-abort.o)
                0x0000a418                abort
 .text.__smakebuf_r
                0x0000a428       0xd0 C:/nxp/MCUXpressoIDE_25.6.136/ide/plugins/com.nxp.mcuxpresso.tools.win32_25.6.0.202501151204/tools/bin/../lib/gcc/arm-none-eabi/14.2.1/thumb/v7-m/nofp\libc.a(libc_a-makebuf.o)
                0x0000a428                __smakebuf_r
 .text.raise    0x0000a4f8       0x58 C:/nxp/MCUXpressoIDE_25.6.136/ide/plugins/com.nxp.mcuxpresso.tools.win32_25.6.0.202501151204/tools/bin/../lib/gcc/arm-none-eabi/14.2.1/thumb/v7-m/nofp\libc.a(libc_a-signal.o)
                0x0000a4f8                raise
 .text._fstat_r
                0x0000a550       0x28 C:/nxp/MCUXpressoIDE_25.6.136/ide/plugins/com.nxp.mcuxpresso.tools.win32_25.6.0.202501151204/tools/bin/../lib/gcc/arm-none-eabi/14.2.1/thumb/v7-m/nofp\libc.a(libc_a-fstatr.o)
                0x0000a550                _fstat_r
 .text._isatty_r
                0x0000a578       0x24 C:/nxp/MCUXpressoIDE_25.6.136/ide/plugins/com.nxp.mcuxpresso.tools.win32_25.6.0.202501151204/tools/bin/../lib/gcc/arm-none-eabi/14.2.1/thumb/v7-m/nofp\libc.a(libc_a-isattyr.o)
                0x0000a578                _isatty_r
 .text._kill_r  0x0000a59c       0x28 C:/nxp/MCUXpressoIDE_25.6.136/ide/plugins/com.nxp.mcuxpresso.tools.win32_25.6.0.202501151204/tools/bin/../lib/gcc/arm-none-eabi/14.2.1/thumb/v7-m/nofp\libc.a(libc_a-signalr.o)
                0x0000a59c                _kill_r
 .text._getpid_r
                0x0000a5c4        0x4 C:/nxp/MCUXpressoIDE_25.6.136/ide/plugins/com.nxp.mcuxpresso.tools.win32_25.6.0.202501151204/tools/bin/../lib/gcc/arm-none-eabi/14.2.1/thumb/v7-m/nofp\libc.a(libc_a-signalr.o)
                0x0000a5c4                _getpid_r
 .text._sbrk    0x0000a5c8       0x3c C:/nxp/MCUXpressoIDE_25.6.136/ide/plugins/com.nxp.mcuxpresso.tools.win32_25.6.0.202501151204/tools/bin/../lib/gcc/arm-none-eabi/14.2.1/../../../../arm-none-eabi/lib/thumb/v7-m/nofp\libcr_newlib_semihost.a(_cr_sbrk.o)
                0x0000a5c8                _sbrk
 .text._exit    0x0000a604        0x8 C:/nxp/MCUXpressoIDE_25.6.136/ide/plugins/com.nxp.mcuxpresso.tools.win32_25.6.0.202501151204/tools/bin/../lib/gcc/arm-none-eabi/14.2.1/../../../../arm-none-eabi/lib/thumb/v7-m/nofp\libcr_newlib_semihost.a(_exit.o)
                0x0000a604                _exit
 .text._kill    0x0000a60c       0x20 C:/nxp/MCUXpressoIDE_25.6.136/ide/plugins/com.nxp.mcuxpresso.tools.win32_25.6.0.202501151204/tools/bin/../lib/gcc/arm-none-eabi/14.2.1/../../../../arm-none-eabi/lib/thumb/v7-m/nofp\libcr_newlib_semihost.a(_kill.o)
                0x0000a60c                _kill
 .text.error    0x0000a62c       0x1c C:/nxp/MCUXpressoIDE_25.6.136/ide/plugins/com.nxp.mcuxpresso.tools.win32_25.6.0.202501151204/tools/bin/../lib/gcc/arm-none-eabi/14.2.1/../../../../arm-none-eabi/lib/thumb/v7-m/nofp\libcr_newlib_semihost.a(syscalls.o)
 .text.initialise_monitor_handles.part.0
                0x0000a648       0xa4 C:/nxp/MCUXpressoIDE_25.6.136/ide/plugins/com.nxp.mcuxpresso.tools.win32_25.6.0.202501151204/tools/bin/../lib/gcc/arm-none-eabi/14.2.1/../../../../arm-none-eabi/lib/thumb/v7-m/nofp\libcr_newlib_semihost.a(syscalls.o)
 .text.findslot
                0x0000a6ec       0x30 C:/nxp/MCUXpressoIDE_25.6.136/ide/plugins/com.nxp.mcuxpresso.tools.win32_25.6.0.202501151204/tools/bin/../lib/gcc/arm-none-eabi/14.2.1/../../../../arm-none-eabi/lib/thumb/v7-m/nofp\libcr_newlib_semihost.a(syscalls.o)
 .text.checkerror
                0x0000a71c        0xa C:/nxp/MCUXpressoIDE_25.6.136/ide/plugins/com.nxp.mcuxpresso.tools.win32_25.6.0.202501151204/tools/bin/../lib/gcc/arm-none-eabi/14.2.1/../../../../arm-none-eabi/lib/thumb/v7-m/nofp\libcr_newlib_semihost.a(syscalls.o)
 .text._swiread
                0x0000a726       0x20 C:/nxp/MCUXpressoIDE_25.6.136/ide/plugins/com.nxp.mcuxpresso.tools.win32_25.6.0.202501151204/tools/bin/../lib/gcc/arm-none-eabi/14.2.1/../../../../arm-none-eabi/lib/thumb/v7-m/nofp\libcr_newlib_semihost.a(syscalls.o)
                0x0000a726                _swiread
 .text._read    0x0000a746       0x34 C:/nxp/MCUXpressoIDE_25.6.136/ide/plugins/com.nxp.mcuxpresso.tools.win32_25.6.0.202501151204/tools/bin/../lib/gcc/arm-none-eabi/14.2.1/../../../../arm-none-eabi/lib/thumb/v7-m/nofp\libcr_newlib_semihost.a(syscalls.o)
                0x0000a746                _read
 .text._swilseek
                0x0000a77a       0x78 C:/nxp/MCUXpressoIDE_25.6.136/ide/plugins/com.nxp.mcuxpresso.tools.win32_25.6.0.202501151204/tools/bin/../lib/gcc/arm-none-eabi/14.2.1/../../../../arm-none-eabi/lib/thumb/v7-m/nofp\libcr_newlib_semihost.a(syscalls.o)
                0x0000a77a                _swilseek
 .text._lseek   0x0000a7f2        0x4 C:/nxp/MCUXpressoIDE_25.6.136/ide/plugins/com.nxp.mcuxpresso.tools.win32_25.6.0.202501151204/tools/bin/../lib/gcc/arm-none-eabi/14.2.1/../../../../arm-none-eabi/lib/thumb/v7-m/nofp\libcr_newlib_semihost.a(syscalls.o)
                0x0000a7f2                _lseek
 .text._swiwrite
                0x0000a7f6       0x20 C:/nxp/MCUXpressoIDE_25.6.136/ide/plugins/com.nxp.mcuxpresso.tools.win32_25.6.0.202501151204/tools/bin/../lib/gcc/arm-none-eabi/14.2.1/../../../../arm-none-eabi/lib/thumb/v7-m/nofp\libcr_newlib_semihost.a(syscalls.o)
                0x0000a7f6                _swiwrite
 .text._write   0x0000a816       0x40 C:/nxp/MCUXpressoIDE_25.6.136/ide/plugins/com.nxp.mcuxpresso.tools.win32_25.6.0.202501151204/tools/bin/../lib/gcc/arm-none-eabi/14.2.1/../../../../arm-none-eabi/lib/thumb/v7-m/nofp\libcr_newlib_semihost.a(syscalls.o)
                0x0000a816                _write
 .text._swiclose
                0x0000a856       0x1a C:/nxp/MCUXpressoIDE_25.6.136/ide/plugins/com.nxp.mcuxpresso.tools.win32_25.6.0.202501151204/tools/bin/../lib/gcc/arm-none-eabi/14.2.1/../../../../arm-none-eabi/lib/thumb/v7-m/nofp\libcr_newlib_semihost.a(syscalls.o)
                0x0000a856                _swiclose
 .text._close   0x0000a870       0x4c C:/nxp/MCUXpressoIDE_25.6.136/ide/plugins/com.nxp.mcuxpresso.tools.win32_25.6.0.202501151204/tools/bin/../lib/gcc/arm-none-eabi/14.2.1/../../../../arm-none-eabi/lib/thumb/v7-m/nofp\libcr_newlib_semihost.a(syscalls.o)
                0x0000a870                _close
 .text._getpid  0x0000a8bc        0x4 C:/nxp/MCUXpressoIDE_25.6.136/ide/plugins/com.nxp.mcuxpresso.tools.win32_25.6.0.202501151204/tools/bin/../lib/gcc/arm-none-eabi/14.2.1/../../../../arm-none-eabi/lib/thumb/v7-m/nofp\libcr_newlib_semihost.a(syscalls.o)
                0x0000a8bc                _getpid
 .text._swistat
                0x0000a8c0       0x42 C:/nxp/MCUXpressoIDE_25.6.136/ide/plugins/com.nxp.mcuxpresso.tools.win32_25.6.0.202501151204/tools/bin/../lib/gcc/arm-none-eabi/14.2.1/../../../../arm-none-eabi/lib/thumb/v7-m/nofp\libcr_newlib_semihost.a(syscalls.o)
                0x0000a8c0                _swistat
 .text._fstat   0x0000a902       0x1c C:/nxp/MCUXpressoIDE_25.6.136/ide/plugins/com.nxp.mcuxpresso.tools.win32_25.6.0.202501151204/tools/bin/../lib/gcc/arm-none-eabi/14.2.1/../../../../arm-none-eabi/lib/thumb/v7-m/nofp\libcr_newlib_semihost.a(syscalls.o)
                0x0000a902                _fstat
 .text._isatty  0x0000a91e       0x2a C:/nxp/MCUXpressoIDE_25.6.136/ide/plugins/com.nxp.mcuxpresso.tools.win32_25.6.0.202501151204/tools/bin/../lib/gcc/arm-none-eabi/14.2.1/../../../../arm-none-eabi/lib/thumb/v7-m/nofp\libcr_newlib_semihost.a(syscalls.o)
                0x0000a91e                _isatty
 .text.__check_heap_overflow
                0x0000a948       0x18 C:/nxp/MCUXpressoIDE_25.6.136/ide/plugins/com.nxp.mcuxpresso.tools.win32_25.6.0.202501151204/tools/bin/../lib/gcc/arm-none-eabi/14.2.1/../../../../arm-none-eabi/lib/thumb/v7-m/nofp\libcr_newlib_semihost.a(_cr_check_heap.o)
                0x0000a948                __check_heap_overflow
 .text          0x0000a960      0x378 C:/nxp/MCUXpressoIDE_25.6.136/ide/plugins/com.nxp.mcuxpresso.tools.win32_25.6.0.202501151204/tools/bin/../lib/gcc/arm-none-eabi/14.2.1/thumb/v7-m/nofp\libgcc.a(_arm_addsubdf3.o)
                0x0000a960                __aeabi_drsub
                0x0000a968                __aeabi_dsub
                0x0000a968                __subdf3
                0x0000a96c                __aeabi_dadd
                0x0000a96c                __adddf3
                0x0000abe4                __floatunsidf
                0x0000abe4                __aeabi_ui2d
                0x0000ac04                __floatsidf
                0x0000ac04                __aeabi_i2d
                0x0000ac28                __aeabi_f2d
                0x0000ac28                __extendsfdf2
                0x0000ac6c                __floatundidf
                0x0000ac6c                __aeabi_ul2d
                0x0000ac7c                __floatdidf
                0x0000ac7c                __aeabi_l2d
 .text          0x0000acd8      0x424 C:/nxp/MCUXpressoIDE_25.6.136/ide/plugins/com.nxp.mcuxpresso.tools.win32_25.6.0.202501151204/tools/bin/../lib/gcc/arm-none-eabi/14.2.1/thumb/v7-m/nofp\libgcc.a(_arm_muldivdf3.o)
                0x0000acd8                __aeabi_dmul
                0x0000acd8                __muldf3
                0x0000af2c                __divdf3
                0x0000af2c                __aeabi_ddiv
 .text          0x0000b0fc      0x110 C:/nxp/MCUXpressoIDE_25.6.136/ide/plugins/com.nxp.mcuxpresso.tools.win32_25.6.0.202501151204/tools/bin/../lib/gcc/arm-none-eabi/14.2.1/thumb/v7-m/nofp\libgcc.a(_arm_cmpdf2.o)
                0x0000b0fc                __gtdf2
                0x0000b0fc                __gedf2
                0x0000b104                __ltdf2
                0x0000b104                __ledf2
                0x0000b10c                __nedf2
                0x0000b10c                __eqdf2
                0x0000b10c                __cmpdf2
                0x0000b188                __aeabi_cdrcmple
                0x0000b198                __aeabi_cdcmpeq
                0x0000b198                __aeabi_cdcmple
                0x0000b1a8                __aeabi_dcmpeq
                0x0000b1bc                __aeabi_dcmplt
                0x0000b1d0                __aeabi_dcmple
                0x0000b1e4                __aeabi_dcmpge
                0x0000b1f8                __aeabi_dcmpgt
 .text          0x0000b20c       0x2c C:/nxp/MCUXpressoIDE_25.6.136/ide/plugins/com.nxp.mcuxpresso.tools.win32_25.6.0.202501151204/tools/bin/../lib/gcc/arm-none-eabi/14.2.1/thumb/v7-m/nofp\libgcc.a(_arm_unorddf2.o)
                0x0000b20c                __unorddf2
                0x0000b20c                __aeabi_dcmpun
 .text          0x0000b238       0x50 C:/nxp/MCUXpressoIDE_25.6.136/ide/plugins/com.nxp.mcuxpresso.tools.win32_25.6.0.202501151204/tools/bin/../lib/gcc/arm-none-eabi/14.2.1/thumb/v7-m/nofp\libgcc.a(_arm_fixdfsi.o)
                0x0000b238                __aeabi_d2iz
                0x0000b238                __fixdfsi
 *(.rodata .rodata.* .constdata .constdata.*)
 .rodata.str1.4
                0x0000b288      0x3d7 ./src/app_buzzer.o
                                 0x8d (size before relaxing)
 .rodata.str1.4
                0x0000b65f      0x146 ./src/app_menu.o
 *fill*         0x0000b65f        0x1 ff
 .rodata        0x0000b660        0xc ./src/app_menu.o
 .rodata.str1.4
                0x0000b66c        0x8 ./src/app_temp.o
 .rodata.str1.4
                0x0000b66c        0xf ./src/app_time.o
 .rodata        0x0000b66c        0x8 C:\Users\Antoni\Documents\MCUXpressoIDE_25.6.136\G06_NEW\Lib_EaBaseBoard\Debug\libLib_EaBaseBoard.a(oled.o)
 .rodata        0x0000b674      0x300 C:\Users\Antoni\Documents\MCUXpressoIDE_25.6.136\G06_NEW\Lib_EaBaseBoard\Debug\libLib_EaBaseBoard.a(font5x7.o)
                0x0000b674                font5x7
 .rodata.str1.4
                0x0000b974        0xe C:\Users\Antoni\Documents\MCUXpressoIDE_25.6.136\G06_NEW\Lib_MCU\Debug\libLib_MCU.a(lpc17xx_i2c.o)
 .rodata.str1.4
                0x0000b974        0xe C:\Users\Antoni\Documents\MCUXpressoIDE_25.6.136\G06_NEW\Lib_MCU\Debug\libLib_MCU.a(lpc17xx_rtc.o)
 .rodata.str1.4
                0x0000b974        0xe C:\Users\Antoni\Documents\MCUXpressoIDE_25.6.136\G06_NEW\Lib_MCU\Debug\libLib_MCU.a(lpc17xx_ssp.o)
 .rodata.str1.4
                0x0000b974       0x10 C:\Users\Antoni\Documents\MCUXpressoIDE_25.6.136\G06_NEW\Lib_MCU\Debug\libLib_MCU.a(lpc17xx_timer.o)
 .rodata._svfprintf_r.str1.4
                0x0000b974       0x42 C:/nxp/MCUXpressoIDE_25.6.136/ide/plugins/com.nxp.mcuxpresso.tools.win32_25.6.0.202501151204/tools/bin/../lib/gcc/arm-none-eabi/14.2.1/thumb/v7-m/nofp\libc.a(libc_a-svfprintf.o)
 .rodata.zeroes.0
                0x0000b974       0x10 C:/nxp/MCUXpressoIDE_25.6.136/ide/plugins/com.nxp.mcuxpresso.tools.win32_25.6.0.202501151204/tools/bin/../lib/gcc/arm-none-eabi/14.2.1/thumb/v7-m/nofp\libc.a(libc_a-svfprintf.o)
 .rodata.blanks.1
                0x0000b984       0x10 C:/nxp/MCUXpressoIDE_25.6.136/ide/plugins/com.nxp.mcuxpresso.tools.win32_25.6.0.202501151204/tools/bin/../lib/gcc/arm-none-eabi/14.2.1/thumb/v7-m/nofp\libc.a(libc_a-svfprintf.o)
 .rodata.str1.4
                0x0000b994       0x4c C:/nxp/MCUXpressoIDE_25.6.136/ide/plugins/com.nxp.mcuxpresso.tools.win32_25.6.0.202501151204/tools/bin/../lib/gcc/arm-none-eabi/14.2.1/thumb/v7-m/nofp\libc.a(libc_a-locale.o)
 .rodata._dtoa_r.str1.4
                0x0000b994       0x83 C:/nxp/MCUXpressoIDE_25.6.136/ide/plugins/com.nxp.mcuxpresso.tools.win32_25.6.0.202501151204/tools/bin/../lib/gcc/arm-none-eabi/14.2.1/thumb/v7-m/nofp\libc.a(libc_a-dtoa.o)
 .rodata.__multadd.str1.4
                0x0000b994       0x70 C:/nxp/MCUXpressoIDE_25.6.136/ide/plugins/com.nxp.mcuxpresso.tools.win32_25.6.0.202501151204/tools/bin/../lib/gcc/arm-none-eabi/14.2.1/thumb/v7-m/nofp\libc.a(libc_a-mprec.o)
 .rodata.p05.0  0x0000b994        0xc C:/nxp/MCUXpressoIDE_25.6.136/ide/plugins/com.nxp.mcuxpresso.tools.win32_25.6.0.202501151204/tools/bin/../lib/gcc/arm-none-eabi/14.2.1/thumb/v7-m/nofp\libc.a(libc_a-mprec.o)
 .rodata.__mprec_bigtens
                0x0000b9a0       0x28 C:/nxp/MCUXpressoIDE_25.6.136/ide/plugins/com.nxp.mcuxpresso.tools.win32_25.6.0.202501151204/tools/bin/../lib/gcc/arm-none-eabi/14.2.1/thumb/v7-m/nofp\libc.a(libc_a-mprec.o)
                0x0000b9a0                __mprec_bigtens
 .rodata.__mprec_tens
                0x0000b9c8       0xc8 C:/nxp/MCUXpressoIDE_25.6.136/ide/plugins/com.nxp.mcuxpresso.tools.win32_25.6.0.202501151204/tools/bin/../lib/gcc/arm-none-eabi/14.2.1/thumb/v7-m/nofp\libc.a(libc_a-mprec.o)
                0x0000b9c8                __mprec_tens
 .rodata._ctype_
                0x0000ba90      0x101 C:/nxp/MCUXpressoIDE_25.6.136/ide/plugins/com.nxp.mcuxpresso.tools.win32_25.6.0.202501151204/tools/bin/../lib/gcc/arm-none-eabi/14.2.1/thumb/v7-m/nofp\libc.a(libc_a-ctype_.o)
                0x0000ba90                _ctype_
 .rodata.__assert_func.str1.4
                0x0000bb91       0x43 C:/nxp/MCUXpressoIDE_25.6.136/ide/plugins/com.nxp.mcuxpresso.tools.win32_25.6.0.202501151204/tools/bin/../lib/gcc/arm-none-eabi/14.2.1/thumb/v7-m/nofp\libc.a(libc_a-assert.o)
 .rodata._vfiprintf_r.str1.4
                0x0000bb91       0x2f C:/nxp/MCUXpressoIDE_25.6.136/ide/plugins/com.nxp.mcuxpresso.tools.win32_25.6.0.202501151204/tools/bin/../lib/gcc/arm-none-eabi/14.2.1/thumb/v7-m/nofp\libc.a(libc_a-vfiprintf.o)
 *fill*         0x0000bb91        0x3 ff
 .rodata.zeroes.0
                0x0000bb94       0x10 C:/nxp/MCUXpressoIDE_25.6.136/ide/plugins/com.nxp.mcuxpresso.tools.win32_25.6.0.202501151204/tools/bin/../lib/gcc/arm-none-eabi/14.2.1/thumb/v7-m/nofp\libc.a(libc_a-vfiprintf.o)
 .rodata.blanks.1
                0x0000bba4       0x10 C:/nxp/MCUXpressoIDE_25.6.136/ide/plugins/com.nxp.mcuxpresso.tools.win32_25.6.0.202501151204/tools/bin/../lib/gcc/arm-none-eabi/14.2.1/thumb/v7-m/nofp\libc.a(libc_a-vfiprintf.o)
 .rodata.initialise_monitor_handles.part.0.str1.1
                0x0000bbb4        0x4 C:/nxp/MCUXpressoIDE_25.6.136/ide/plugins/com.nxp.mcuxpresso.tools.win32_25.6.0.202501151204/tools/bin/../lib/gcc/arm-none-eabi/14.2.1/../../../../arm-none-eabi/lib/thumb/v7-m/nofp\libcr_newlib_semihost.a(syscalls.o)
                0x0000bbb8                        . = ALIGN (0x4)

.glue_7         0x0000bbb8        0x0
 .glue_7        0x0000bbb8        0x0 linker stubs

.glue_7t        0x0000bbb8        0x0
 .glue_7t       0x0000bbb8        0x0 linker stubs

.vfp11_veneer   0x0000bbb8        0x0
 .vfp11_veneer  0x0000bbb8        0x0 linker stubs

.v4_bx          0x0000bbb8        0x0
 .v4_bx         0x0000bbb8        0x0 linker stubs

.iplt           0x0000bbb8        0x0
 .iplt          0x0000bbb8        0x0 ./src/app_alarm.o

.ARM.extab
 *(.ARM.extab* .gnu.linkonce.armextab.*)

.ARM.exidx      0x0000bbb8        0x8
                0x0000bbb8                        __exidx_start = .
 *(.ARM.exidx* .gnu.linkonce.armexidx.*)
 .ARM.exidx.text.__udivmoddi4
                0x0000bbb8        0x8 C:/nxp/MCUXpressoIDE_25.6.136/ide/plugins/com.nxp.mcuxpresso.tools.win32_25.6.0.202501151204/tools/bin/../lib/gcc/arm-none-eabi/14.2.1/thumb/v7-m/nofp\libgcc.a(_udivmoddi4.o)
 .ARM.exidx     0x0000bbc0        0x0 C:/nxp/MCUXpressoIDE_25.6.136/ide/plugins/com.nxp.mcuxpresso.tools.win32_25.6.0.202501151204/tools/bin/../lib/gcc/arm-none-eabi/14.2.1/thumb/v7-m/nofp\libc.a(libc_a-memcpy.o)
                                  0x8 (size before relaxing)
                0x0000bbc0                        __exidx_end = .
                0x0000bbc0                        _etext = .

.rel.dyn        0x0000bbc0        0x0
 .rel.iplt      0x0000bbc0        0x0 ./src/app_alarm.o

.data_RAM2      0x2007c000        0x0 load address 0x0000bbc0
 FILL mask 0xff
                [!provide]                        PROVIDE (__start_data_RAM2 = .)
                [!provide]                        PROVIDE (__start_data_RamAHB32 = .)
 *(.ramfunc.$RAM2)
 *(.ramfunc.$RamAHB32)
 *(.data.$RAM2)
 *(.data.$RamAHB32)
 *(.data.$RAM2.*)
 *(.data.$RamAHB32.*)
                0x2007c000                        . = ALIGN (0x4)
                [!provide]                        PROVIDE (__end_data_RAM2 = .)
                [!provide]                        PROVIDE (__end_data_RamAHB32 = .)

.uninit_RESERVED
                0x10000000        0x0
                0x10000000                        _start_uninit_RESERVED = .
 *(.bss.$RESERVED*)
                0x10000000                        . = ALIGN (0x4)
                0x10000000                        _end_uninit_RESERVED = .

.data           0x10000000      0x6e0 load address 0x0000bbc0
 FILL mask 0xff
                0x10000000                        _data = .
                [!provide]                        PROVIDE (__start_data_RAM = .)
                [!provide]                        PROVIDE (__start_data_RamLoc32 = .)
 *(vtable)
 *(.ramfunc*)
 *(CodeQuickAccess)
 *(DataQuickAccess)
 *(RamFunction)
 *(.data*)
 .data          0x10000000        0x3 ./src/app_alarm.o
 *fill*         0x10000003        0x1 ff
 .data          0x10000004        0xc ./src/app_buzzer.o
 .data          0x10000010        0x4 C:\Users\Antoni\Documents\MCUXpressoIDE_25.6.136\G06_NEW\Lib_CMSISv1p30_LPC17xx\Debug\libCMSISv1p30_LPC17xx.a(system_LPC17xx.o)
                0x10000010                SystemCoreClock
 .data._impure_ptr
                0x10000014        0x4 C:/nxp/MCUXpressoIDE_25.6.136/ide/plugins/com.nxp.mcuxpresso.tools.win32_25.6.0.202501151204/tools/bin/../lib/gcc/arm-none-eabi/14.2.1/thumb/v7-m/nofp\libc.a(libc_a-impure.o)
                0x10000014                _impure_ptr
 .data._impure_data
                0x10000018      0x140 C:/nxp/MCUXpressoIDE_25.6.136/ide/plugins/com.nxp.mcuxpresso.tools.win32_25.6.0.202501151204/tools/bin/../lib/gcc/arm-none-eabi/14.2.1/thumb/v7-m/nofp\libc.a(libc_a-impure.o)
                0x10000018                _impure_data
 .data.__sglue  0x10000158        0xc C:/nxp/MCUXpressoIDE_25.6.136/ide/plugins/com.nxp.mcuxpresso.tools.win32_25.6.0.202501151204/tools/bin/../lib/gcc/arm-none-eabi/14.2.1/thumb/v7-m/nofp\libc.a(libc_a-findfp.o)
                0x10000158                __sglue
 .data.__global_locale
                0x10000164      0x16c C:/nxp/MCUXpressoIDE_25.6.136/ide/plugins/com.nxp.mcuxpresso.tools.win32_25.6.0.202501151204/tools/bin/../lib/gcc/arm-none-eabi/14.2.1/thumb/v7-m/nofp\libc.a(libc_a-locale.o)
                0x10000164                __global_locale
 .data.__malloc_sbrk_base
                0x100002d0        0x4 C:/nxp/MCUXpressoIDE_25.6.136/ide/plugins/com.nxp.mcuxpresso.tools.win32_25.6.0.202501151204/tools/bin/../lib/gcc/arm-none-eabi/14.2.1/thumb/v7-m/nofp\libc.a(libc_a-mallocr.o)
                0x100002d0                __malloc_sbrk_base
 .data.__malloc_trim_threshold
                0x100002d4        0x4 C:/nxp/MCUXpressoIDE_25.6.136/ide/plugins/com.nxp.mcuxpresso.tools.win32_25.6.0.202501151204/tools/bin/../lib/gcc/arm-none-eabi/14.2.1/thumb/v7-m/nofp\libc.a(libc_a-mallocr.o)
                0x100002d4                __malloc_trim_threshold
 .data.__malloc_av_
                0x100002d8      0x408 C:/nxp/MCUXpressoIDE_25.6.136/ide/plugins/com.nxp.mcuxpresso.tools.win32_25.6.0.202501151204/tools/bin/../lib/gcc/arm-none-eabi/14.2.1/thumb/v7-m/nofp\libc.a(libc_a-mallocr.o)
                0x100002d8                __malloc_av_
                0x100006e0                        . = ALIGN (0x4)
                0x100006e0                        _edata = .
                [!provide]                        PROVIDE (__end_data_RAM = .)
                [!provide]                        PROVIDE (__end_data_RamLoc32 = .)

.igot.plt       0x100006e0        0x0 load address 0x0000c2a0
 .igot.plt      0x100006e0        0x0 ./src/app_alarm.o

.bss_RAM2       0x2007c000        0x0
                [!provide]                        PROVIDE (__start_bss_RAM2 = .)
                [!provide]                        PROVIDE (__start_bss_RamAHB32 = .)
 *(.bss.$RAM2)
 *(.bss.$RamAHB32)
 *(.bss.$RAM2.*)
 *(.bss.$RamAHB32.*)
                0x2007c000                        . = ALIGN ((. != 0x0)?0x4:0x1)
                [!provide]                        PROVIDE (__end_bss_RAM2 = .)
                [!provide]                        PROVIDE (__end_bss_RamAHB32 = .)

.bss            0x100006e0      0x4dc
                0x100006e0                        _bss = .
                [!provide]                        PROVIDE (__start_bss_RAM = .)
                [!provide]                        PROVIDE (__start_bss_RamLoc32 = .)
 *(.bss*)
 .bss           0x100006e0        0x3 ./src/app_alarm.o
 *fill*         0x100006e3        0x1 
 .bss           0x100006e4       0x18 ./src/app_menu.o
 .bss           0x100006fc        0x4 ./src/main.o
 .bss           0x10000700      0x300 C:\Users\Antoni\Documents\MCUXpressoIDE_25.6.136\G06_NEW\Lib_EaBaseBoard\Debug\libLib_EaBaseBoard.a(oled.o)
 .bss           0x10000a00        0x4 C:\Users\Antoni\Documents\MCUXpressoIDE_25.6.136\G06_NEW\Lib_EaBaseBoard\Debug\libLib_EaBaseBoard.a(temp.o)
 .bss.__sf      0x10000a04      0x138 C:/nxp/MCUXpressoIDE_25.6.136/ide/plugins/com.nxp.mcuxpresso.tools.win32_25.6.0.202501151204/tools/bin/../lib/gcc/arm-none-eabi/14.2.1/thumb/v7-m/nofp\libc.a(libc_a-findfp.o)
                0x10000a04                __sf
 .bss.__stdio_exit_handler
                0x10000b3c        0x4 C:/nxp/MCUXpressoIDE_25.6.136/ide/plugins/com.nxp.mcuxpresso.tools.win32_25.6.0.202501151204/tools/bin/../lib/gcc/arm-none-eabi/14.2.1/thumb/v7-m/nofp\libc.a(libc_a-findfp.o)
                0x10000b3c                __stdio_exit_handler
 .bss.errno     0x10000b40        0x4 C:/nxp/MCUXpressoIDE_25.6.136/ide/plugins/com.nxp.mcuxpresso.tools.win32_25.6.0.202501151204/tools/bin/../lib/gcc/arm-none-eabi/14.2.1/thumb/v7-m/nofp\libc.a(libc_a-reent.o)
                0x10000b40                errno
 .bss.__lock___malloc_recursive_mutex
                0x10000b44        0x1 C:/nxp/MCUXpressoIDE_25.6.136/ide/plugins/com.nxp.mcuxpresso.tools.win32_25.6.0.202501151204/tools/bin/../lib/gcc/arm-none-eabi/14.2.1/thumb/v7-m/nofp\libc.a(libc_a-lock.o)
                0x10000b44                __lock___malloc_recursive_mutex
 *fill*         0x10000b45        0x3 
 .bss.__lock___sfp_recursive_mutex
                0x10000b48        0x1 C:/nxp/MCUXpressoIDE_25.6.136/ide/plugins/com.nxp.mcuxpresso.tools.win32_25.6.0.202501151204/tools/bin/../lib/gcc/arm-none-eabi/14.2.1/thumb/v7-m/nofp\libc.a(libc_a-lock.o)
                0x10000b48                __lock___sfp_recursive_mutex
 *fill*         0x10000b49        0x3 
 .bss.__malloc_current_mallinfo
                0x10000b4c       0x28 C:/nxp/MCUXpressoIDE_25.6.136/ide/plugins/com.nxp.mcuxpresso.tools.win32_25.6.0.202501151204/tools/bin/../lib/gcc/arm-none-eabi/14.2.1/thumb/v7-m/nofp\libc.a(libc_a-mallocr.o)
                0x10000b4c                __malloc_current_mallinfo
 .bss.__malloc_max_total_mem
                0x10000b74        0x4 C:/nxp/MCUXpressoIDE_25.6.136/ide/plugins/com.nxp.mcuxpresso.tools.win32_25.6.0.202501151204/tools/bin/../lib/gcc/arm-none-eabi/14.2.1/thumb/v7-m/nofp\libc.a(libc_a-mallocr.o)
                0x10000b74                __malloc_max_total_mem
 .bss.__malloc_max_sbrked_mem
                0x10000b78        0x4 C:/nxp/MCUXpressoIDE_25.6.136/ide/plugins/com.nxp.mcuxpresso.tools.win32_25.6.0.202501151204/tools/bin/../lib/gcc/arm-none-eabi/14.2.1/thumb/v7-m/nofp\libc.a(libc_a-mallocr.o)
                0x10000b78                __malloc_max_sbrked_mem
 .bss.__malloc_top_pad
                0x10000b7c        0x4 C:/nxp/MCUXpressoIDE_25.6.136/ide/plugins/com.nxp.mcuxpresso.tools.win32_25.6.0.202501151204/tools/bin/../lib/gcc/arm-none-eabi/14.2.1/thumb/v7-m/nofp\libc.a(libc_a-mallocr.o)
                0x10000b7c                __malloc_top_pad
 .bss.__end_of_heap
                0x10000b80        0x4 C:/nxp/MCUXpressoIDE_25.6.136/ide/plugins/com.nxp.mcuxpresso.tools.win32_25.6.0.202501151204/tools/bin/../lib/gcc/arm-none-eabi/14.2.1/../../../../arm-none-eabi/lib/thumb/v7-m/nofp\libcr_newlib_semihost.a(_cr_sbrk.o)
                0x10000b80                __end_of_heap
 .bss.initialized.0
                0x10000b84        0x4 C:/nxp/MCUXpressoIDE_25.6.136/ide/plugins/com.nxp.mcuxpresso.tools.win32_25.6.0.202501151204/tools/bin/../lib/gcc/arm-none-eabi/14.2.1/../../../../arm-none-eabi/lib/thumb/v7-m/nofp\libcr_newlib_semihost.a(syscalls.o)
 .bss.monitor_stderr
                0x10000b88        0x4 C:/nxp/MCUXpressoIDE_25.6.136/ide/plugins/com.nxp.mcuxpresso.tools.win32_25.6.0.202501151204/tools/bin/../lib/gcc/arm-none-eabi/14.2.1/../../../../arm-none-eabi/lib/thumb/v7-m/nofp\libcr_newlib_semihost.a(syscalls.o)
 .bss.monitor_stdout
                0x10000b8c        0x4 C:/nxp/MCUXpressoIDE_25.6.136/ide/plugins/com.nxp.mcuxpresso.tools.win32_25.6.0.202501151204/tools/bin/../lib/gcc/arm-none-eabi/14.2.1/../../../../arm-none-eabi/lib/thumb/v7-m/nofp\libcr_newlib_semihost.a(syscalls.o)
 .bss.monitor_stdin
                0x10000b90        0x4 C:/nxp/MCUXpressoIDE_25.6.136/ide/plugins/com.nxp.mcuxpresso.tools.win32_25.6.0.202501151204/tools/bin/../lib/gcc/arm-none-eabi/14.2.1/../../../../arm-none-eabi/lib/thumb/v7-m/nofp\libcr_newlib_semihost.a(syscalls.o)
 .bss.openfiles
                0x10000b94       0x28 C:/nxp/MCUXpressoIDE_25.6.136/ide/plugins/com.nxp.mcuxpresso.tools.win32_25.6.0.202501151204/tools/bin/../lib/gcc/arm-none-eabi/14.2.1/../../../../arm-none-eabi/lib/thumb/v7-m/nofp\libcr_newlib_semihost.a(syscalls.o)
 *(COMMON)
                0x10000bbc                        . = ALIGN (0x4)
                0x10000bbc                        _ebss = .
                [!provide]                        PROVIDE (__end_bss_RAM = .)
                [!provide]                        PROVIDE (__end_bss_RamLoc32 = .)
                [!provide]                        PROVIDE (end = .)

.noinit_RAM2    0x2007c000        0x0
                [!provide]                        PROVIDE (__start_noinit_RAM2 = .)
                [!provide]                        PROVIDE (__start_noinit_RamAHB32 = .)
 *(.noinit.$RAM2)
 *(.noinit.$RamAHB32)
 *(.noinit.$RAM2.*)
 *(.noinit.$RamAHB32.*)
                0x2007c000                        . = ALIGN (0x4)
                [!provide]                        PROVIDE (__end_noinit_RAM2 = .)
                [!provide]                        PROVIDE (__end_noinit_RamAHB32 = .)

.noinit         0x10000bbc        0x0
                0x10000bbc                        _noinit = .
                [!provide]                        PROVIDE (__start_noinit_RAM = .)
                [!provide]                        PROVIDE (__start_noinit_RamLoc32 = .)
 *(.noinit*)
                0x10000bbc                        . = ALIGN (0x4)
                0x10000bbc                        _end_noinit = .
                [!provide]                        PROVIDE (__end_noinit_RAM = .)
                [!provide]                        PROVIDE (__end_noinit_RamLoc32 = .)
                0x10000bbc                        PROVIDE (_pvHeapStart = DEFINED (__user_heap_base)?__user_heap_base:.)
                0x10008000                        PROVIDE (_vStackTop = DEFINED (__user_stack_top)?__user_stack_top:(__top_RamLoc32 - 0x0))
                [!provide]                        PROVIDE (__valid_user_code_checksum = (0x0 - ((((((_vStackTop + (ResetISR + 0x1)) + (NMI_Handler + 0x1)) + (HardFault_Handler + 0x1)) + (DEFINED (MemManage_Handler)?MemManage_Handler:0x0 + 0x1)) + (DEFINED (BusFault_Handler)?BusFault_Handler:0x0 + 0x1)) + (DEFINED (UsageFault_Handler)?UsageFault_Handler:0x0 + 0x1))))
                0x00000000                        _image_start = LOADADDR (.text)
                0x0000c2a0                        _image_end = (LOADADDR (.data) + SIZEOF (.data))
                0x0000c2a0                        _image_size = (_image_end - _image_start)
OUTPUT(oled_periph.axf elf32-littlearm)
LOAD linker stubs

.debug_info     0x00000000     0x7ac4
 .debug_info    0x00000000      0x667 ./src/app_alarm.o
 .debug_info    0x00000667      0x3d6 ./src/app_buzzer.o
 .debug_info    0x00000a3d      0xb98 ./src/app_menu.o
 .debug_info    0x000015d5      0x181 ./src/app_temp.o
 .debug_info    0x00001756      0x685 ./src/app_time.o
 .debug_info    0x00001ddb      0x1f7 ./src/cr_startup_lpc17.o
 .debug_info    0x00001fd2      0x9d1 ./src/main.o
 .debug_info    0x000029a3      0x2fb C:\Users\Antoni\Documents\MCUXpressoIDE_25.6.136\G06_NEW\Lib_CMSISv1p30_LPC17xx\Debug\libCMSISv1p30_LPC17xx.a(system_LPC17xx.o)
 .debug_info    0x00002c9e      0x11b C:\Users\Antoni\Documents\MCUXpressoIDE_25.6.136\G06_NEW\Lib_EaBaseBoard\Debug\libLib_EaBaseBoard.a(joystick.o)
 .debug_info    0x00002db9      0xa37 C:\Users\Antoni\Documents\MCUXpressoIDE_25.6.136\G06_NEW\Lib_EaBaseBoard\Debug\libLib_EaBaseBoard.a(oled.o)
 .debug_info    0x000037f0      0x15f C:\Users\Antoni\Documents\MCUXpressoIDE_25.6.136\G06_NEW\Lib_EaBaseBoard\Debug\libLib_EaBaseBoard.a(temp.o)
 .debug_info    0x0000394f       0x62 C:\Users\Antoni\Documents\MCUXpressoIDE_25.6.136\G06_NEW\Lib_EaBaseBoard\Debug\libLib_EaBaseBoard.a(font5x7.o)
 .debug_info    0x000039b1      0xdc4 C:\Users\Antoni\Documents\MCUXpressoIDE_25.6.136\G06_NEW\Lib_MCU\Debug\libLib_MCU.a(lpc17xx_gpio.o)
 .debug_info    0x00004775      0xdd9 C:\Users\Antoni\Documents\MCUXpressoIDE_25.6.136\G06_NEW\Lib_MCU\Debug\libLib_MCU.a(lpc17xx_i2c.o)
 .debug_info    0x0000554e      0x477 C:\Users\Antoni\Documents\MCUXpressoIDE_25.6.136\G06_NEW\Lib_MCU\Debug\libLib_MCU.a(lpc17xx_pinsel.o)
 .debug_info    0x000059c5      0x9f5 C:\Users\Antoni\Documents\MCUXpressoIDE_25.6.136\G06_NEW\Lib_MCU\Debug\libLib_MCU.a(lpc17xx_rtc.o)
 .debug_info    0x000063ba      0x7a5 C:\Users\Antoni\Documents\MCUXpressoIDE_25.6.136\G06_NEW\Lib_MCU\Debug\libLib_MCU.a(lpc17xx_ssp.o)
 .debug_info    0x00006b5f      0x985 C:\Users\Antoni\Documents\MCUXpressoIDE_25.6.136\G06_NEW\Lib_MCU\Debug\libLib_MCU.a(lpc17xx_timer.o)
 .debug_info    0x000074e4      0x5e0 C:\Users\Antoni\Documents\MCUXpressoIDE_25.6.136\G06_NEW\Lib_MCU\Debug\libLib_MCU.a(lpc17xx_clkpwr.o)

.debug_abbrev   0x00000000     0x2075
 .debug_abbrev  0x00000000      0x1af ./src/app_alarm.o
 .debug_abbrev  0x000001af      0x194 ./src/app_buzzer.o
 .debug_abbrev  0x00000343      0x25a ./src/app_menu.o
 .debug_abbrev  0x0000059d      0x112 ./src/app_temp.o
 .debug_abbrev  0x000006af      0x1b8 ./src/app_time.o
 .debug_abbrev  0x00000867       0xec ./src/cr_startup_lpc17.o
 .debug_abbrev  0x00000953      0x2ca ./src/main.o
 .debug_abbrev  0x00000c1d       0xf4 C:\Users\Antoni\Documents\MCUXpressoIDE_25.6.136\G06_NEW\Lib_CMSISv1p30_LPC17xx\Debug\libCMSISv1p30_LPC17xx.a(system_LPC17xx.o)
 .debug_abbrev  0x00000d11       0xb8 C:\Users\Antoni\Documents\MCUXpressoIDE_25.6.136\G06_NEW\Lib_EaBaseBoard\Debug\libLib_EaBaseBoard.a(joystick.o)
 .debug_abbrev  0x00000dc9      0x26c C:\Users\Antoni\Documents\MCUXpressoIDE_25.6.136\G06_NEW\Lib_EaBaseBoard\Debug\libLib_EaBaseBoard.a(oled.o)
 .debug_abbrev  0x00001035       0xec C:\Users\Antoni\Documents\MCUXpressoIDE_25.6.136\G06_NEW\Lib_EaBaseBoard\Debug\libLib_EaBaseBoard.a(temp.o)
 .debug_abbrev  0x00001121       0x4a C:\Users\Antoni\Documents\MCUXpressoIDE_25.6.136\G06_NEW\Lib_EaBaseBoard\Debug\libLib_EaBaseBoard.a(font5x7.o)
 .debug_abbrev  0x0000116b      0x24e C:\Users\Antoni\Documents\MCUXpressoIDE_25.6.136\G06_NEW\Lib_MCU\Debug\libLib_MCU.a(lpc17xx_gpio.o)
 .debug_abbrev  0x000013b9      0x2fb C:\Users\Antoni\Documents\MCUXpressoIDE_25.6.136\G06_NEW\Lib_MCU\Debug\libLib_MCU.a(lpc17xx_i2c.o)
 .debug_abbrev  0x000016b4      0x164 C:\Users\Antoni\Documents\MCUXpressoIDE_25.6.136\G06_NEW\Lib_MCU\Debug\libLib_MCU.a(lpc17xx_pinsel.o)
 .debug_abbrev  0x00001818      0x1ed C:\Users\Antoni\Documents\MCUXpressoIDE_25.6.136\G06_NEW\Lib_MCU\Debug\libLib_MCU.a(lpc17xx_rtc.o)
 .debug_abbrev  0x00001a05      0x228 C:\Users\Antoni\Documents\MCUXpressoIDE_25.6.136\G06_NEW\Lib_MCU\Debug\libLib_MCU.a(lpc17xx_ssp.o)
 .debug_abbrev  0x00001c2d      0x273 C:\Users\Antoni\Documents\MCUXpressoIDE_25.6.136\G06_NEW\Lib_MCU\Debug\libLib_MCU.a(lpc17xx_timer.o)
 .debug_abbrev  0x00001ea0      0x1d5 C:\Users\Antoni\Documents\MCUXpressoIDE_25.6.136\G06_NEW\Lib_MCU\Debug\libLib_MCU.a(lpc17xx_clkpwr.o)

.debug_aranges  0x00000000      0x808
 .debug_aranges
                0x00000000       0x80 ./src/app_alarm.o
 .debug_aranges
                0x00000080       0x50 ./src/app_buzzer.o
 .debug_aranges
                0x000000d0       0x58 ./src/app_menu.o
 .debug_aranges
                0x00000128       0x28 ./src/app_temp.o
 .debug_aranges
                0x00000150       0x58 ./src/app_time.o
 .debug_aranges
                0x000001a8       0x70 ./src/cr_startup_lpc17.o
 .debug_aranges
                0x00000218       0x58 ./src/main.o
 .debug_aranges
                0x00000270       0x28 C:\Users\Antoni\Documents\MCUXpressoIDE_25.6.136\G06_NEW\Lib_CMSISv1p30_LPC17xx\Debug\libCMSISv1p30_LPC17xx.a(system_LPC17xx.o)
 .debug_aranges
                0x00000298       0x28 C:\Users\Antoni\Documents\MCUXpressoIDE_25.6.136\G06_NEW\Lib_EaBaseBoard\Debug\libLib_EaBaseBoard.a(joystick.o)
 .debug_aranges
                0x000002c0       0x90 C:\Users\Antoni\Documents\MCUXpressoIDE_25.6.136\G06_NEW\Lib_EaBaseBoard\Debug\libLib_EaBaseBoard.a(oled.o)
 .debug_aranges
                0x00000350       0x28 C:\Users\Antoni\Documents\MCUXpressoIDE_25.6.136\G06_NEW\Lib_EaBaseBoard\Debug\libLib_EaBaseBoard.a(temp.o)
 .debug_aranges
                0x00000378       0x18 C:\Users\Antoni\Documents\MCUXpressoIDE_25.6.136\G06_NEW\Lib_EaBaseBoard\Debug\libLib_EaBaseBoard.a(font5x7.o)
 .debug_aranges
                0x00000390       0xf8 C:\Users\Antoni\Documents\MCUXpressoIDE_25.6.136\G06_NEW\Lib_MCU\Debug\libLib_MCU.a(lpc17xx_gpio.o)
 .debug_aranges
                0x00000488       0xd0 C:\Users\Antoni\Documents\MCUXpressoIDE_25.6.136\G06_NEW\Lib_MCU\Debug\libLib_MCU.a(lpc17xx_i2c.o)
 .debug_aranges
                0x00000558       0x48 C:\Users\Antoni\Documents\MCUXpressoIDE_25.6.136\G06_NEW\Lib_MCU\Debug\libLib_MCU.a(lpc17xx_pinsel.o)
 .debug_aranges
                0x000005a0       0xb8 C:\Users\Antoni\Documents\MCUXpressoIDE_25.6.136\G06_NEW\Lib_MCU\Debug\libLib_MCU.a(lpc17xx_rtc.o)
 .debug_aranges
                0x00000658       0xa8 C:\Users\Antoni\Documents\MCUXpressoIDE_25.6.136\G06_NEW\Lib_MCU\Debug\libLib_MCU.a(lpc17xx_ssp.o)
 .debug_aranges
                0x00000700       0xa8 C:\Users\Antoni\Documents\MCUXpressoIDE_25.6.136\G06_NEW\Lib_MCU\Debug\libLib_MCU.a(lpc17xx_timer.o)
 .debug_aranges
                0x000007a8       0x60 C:\Users\Antoni\Documents\MCUXpressoIDE_25.6.136\G06_NEW\Lib_MCU\Debug\libLib_MCU.a(lpc17xx_clkpwr.o)

.debug_ranges   0x00000000      0x6e8
 .debug_ranges  0x00000000       0x70 ./src/app_alarm.o
 .debug_ranges  0x00000070       0x58 ./src/app_buzzer.o
 .debug_ranges  0x000000c8       0x48 ./src/app_menu.o
 .debug_ranges  0x00000110       0x18 ./src/app_temp.o
 .debug_ranges  0x00000128       0x48 ./src/app_time.o
 .debug_ranges  0x00000170       0x60 ./src/cr_startup_lpc17.o
 .debug_ranges  0x000001d0       0x48 ./src/main.o
 .debug_ranges  0x00000218       0x18 C:\Users\Antoni\Documents\MCUXpressoIDE_25.6.136\G06_NEW\Lib_CMSISv1p30_LPC17xx\Debug\libCMSISv1p30_LPC17xx.a(system_LPC17xx.o)
 .debug_ranges  0x00000230       0x18 C:\Users\Antoni\Documents\MCUXpressoIDE_25.6.136\G06_NEW\Lib_EaBaseBoard\Debug\libLib_EaBaseBoard.a(joystick.o)
 .debug_ranges  0x00000248       0x80 C:\Users\Antoni\Documents\MCUXpressoIDE_25.6.136\G06_NEW\Lib_EaBaseBoard\Debug\libLib_EaBaseBoard.a(oled.o)
 .debug_ranges  0x000002c8       0x18 C:\Users\Antoni\Documents\MCUXpressoIDE_25.6.136\G06_NEW\Lib_EaBaseBoard\Debug\libLib_EaBaseBoard.a(temp.o)
 .debug_ranges  0x000002e0       0xe8 C:\Users\Antoni\Documents\MCUXpressoIDE_25.6.136\G06_NEW\Lib_MCU\Debug\libLib_MCU.a(lpc17xx_gpio.o)
 .debug_ranges  0x000003c8       0xc0 C:\Users\Antoni\Documents\MCUXpressoIDE_25.6.136\G06_NEW\Lib_MCU\Debug\libLib_MCU.a(lpc17xx_i2c.o)
 .debug_ranges  0x00000488       0x38 C:\Users\Antoni\Documents\MCUXpressoIDE_25.6.136\G06_NEW\Lib_MCU\Debug\libLib_MCU.a(lpc17xx_pinsel.o)
 .debug_ranges  0x000004c0       0xa8 C:\Users\Antoni\Documents\MCUXpressoIDE_25.6.136\G06_NEW\Lib_MCU\Debug\libLib_MCU.a(lpc17xx_rtc.o)
 .debug_ranges  0x00000568       0x98 C:\Users\Antoni\Documents\MCUXpressoIDE_25.6.136\G06_NEW\Lib_MCU\Debug\libLib_MCU.a(lpc17xx_ssp.o)
 .debug_ranges  0x00000600       0x98 C:\Users\Antoni\Documents\MCUXpressoIDE_25.6.136\G06_NEW\Lib_MCU\Debug\libLib_MCU.a(lpc17xx_timer.o)
 .debug_ranges  0x00000698       0x50 C:\Users\Antoni\Documents\MCUXpressoIDE_25.6.136\G06_NEW\Lib_MCU\Debug\libLib_MCU.a(lpc17xx_clkpwr.o)

.debug_macro    0x00000000     0x6a16
 .debug_macro   0x00000000       0xa6 ./src/app_alarm.o
 .debug_macro   0x000000a6      0xad8 ./src/app_alarm.o
 .debug_macro   0x00000b7e       0x22 ./src/app_alarm.o
 .debug_macro   0x00000ba0       0x8e ./src/app_alarm.o
 .debug_macro   0x00000c2e       0x51 ./src/app_alarm.o
 .debug_macro   0x00000c7f      0x103 ./src/app_alarm.o
 .debug_macro   0x00000d82       0x6a ./src/app_alarm.o
 .debug_macro   0x00000dec      0x1df ./src/app_alarm.o
 .debug_macro   0x00000fcb       0x1c ./src/app_alarm.o
 .debug_macro   0x00000fe7      0x7d5 ./src/app_alarm.o
 .debug_macro   0x000017bc      0x2c7 ./src/app_alarm.o
 .debug_macro   0x00001a83       0x64 ./src/app_alarm.o
 .debug_macro   0x00001ae7      0x1aa ./src/app_alarm.o
 .debug_macro   0x00001c91       0xe4 ./src/app_buzzer.o
 .debug_macro   0x00001d75       0x40 ./src/app_buzzer.o
 .debug_macro   0x00001db5      0x146 ./src/app_buzzer.o
 .debug_macro   0x00001efb       0x28 ./src/app_buzzer.o
 .debug_macro   0x00001f23      0x1b1 ./src/app_menu.o
 .debug_macro   0x000020d4       0x16 ./src/app_menu.o
 .debug_macro   0x000020ea       0x7b ./src/app_menu.o
 .debug_macro   0x00002165       0x24 ./src/app_menu.o
 .debug_macro   0x00002189       0x3c ./src/app_menu.o
 .debug_macro   0x000021c5       0x34 ./src/app_menu.o
 .debug_macro   0x000021f9       0x16 ./src/app_menu.o
 .debug_macro   0x0000220f       0x9e ./src/app_menu.o
 .debug_macro   0x000022ad      0x364 ./src/app_menu.o
 .debug_macro   0x00002611      0x112 ./src/app_menu.o
 .debug_macro   0x00002723       0x10 ./src/app_menu.o
 .debug_macro   0x00002733       0x16 ./src/app_menu.o
 .debug_macro   0x00002749       0x4a ./src/app_menu.o
 .debug_macro   0x00002793       0x34 ./src/app_menu.o
 .debug_macro   0x000027c7       0x10 ./src/app_menu.o
 .debug_macro   0x000027d7       0x58 ./src/app_menu.o
 .debug_macro   0x0000282f      0x1e5 ./src/app_menu.o
 .debug_macro   0x00002a14       0x16 ./src/app_menu.o
 .debug_macro   0x00002a2a       0x16 ./src/app_menu.o
 .debug_macro   0x00002a40      0x170 ./src/app_menu.o
 .debug_macro   0x00002bb0      0x154 ./src/app_temp.o
 .debug_macro   0x00002d04       0x5e ./src/app_temp.o
 .debug_macro   0x00002d62      0x174 ./src/app_time.o
 .debug_macro   0x00002ed6       0x79 ./src/cr_startup_lpc17.o
 .debug_macro   0x00002f4f      0x104 ./src/main.o
 .debug_macro   0x00003053       0x22 ./src/main.o
 .debug_macro   0x00003075      0x7b7 ./src/main.o
 .debug_macro   0x0000382c      0x140 ./src/main.o
 .debug_macro   0x0000396c      0x2a6 ./src/main.o
 .debug_macro   0x00003c12      0x192 ./src/main.o
 .debug_macro   0x00003da4       0xed ./src/main.o
 .debug_macro   0x00003e91      0x113 C:\Users\Antoni\Documents\MCUXpressoIDE_25.6.136\G06_NEW\Lib_CMSISv1p30_LPC17xx\Debug\libCMSISv1p30_LPC17xx.a(system_LPC17xx.o)
 .debug_macro   0x00003fa4      0xad2 C:\Users\Antoni\Documents\MCUXpressoIDE_25.6.136\G06_NEW\Lib_CMSISv1p30_LPC17xx\Debug\libCMSISv1p30_LPC17xx.a(system_LPC17xx.o)
 .debug_macro   0x00004a76       0x10 C:\Users\Antoni\Documents\MCUXpressoIDE_25.6.136\G06_NEW\Lib_CMSISv1p30_LPC17xx\Debug\libCMSISv1p30_LPC17xx.a(system_LPC17xx.o)
 .debug_macro   0x00004a86      0x12e C:\Users\Antoni\Documents\MCUXpressoIDE_25.6.136\G06_NEW\Lib_CMSISv1p30_LPC17xx\Debug\libCMSISv1p30_LPC17xx.a(system_LPC17xx.o)
 .debug_macro   0x00004bb4      0x5b3 C:\Users\Antoni\Documents\MCUXpressoIDE_25.6.136\G06_NEW\Lib_CMSISv1p30_LPC17xx\Debug\libCMSISv1p30_LPC17xx.a(system_LPC17xx.o)
 .debug_macro   0x00005167       0x83 C:\Users\Antoni\Documents\MCUXpressoIDE_25.6.136\G06_NEW\Lib_EaBaseBoard\Debug\libLib_EaBaseBoard.a(joystick.o)
 .debug_macro   0x000051ea       0xdd C:\Users\Antoni\Documents\MCUXpressoIDE_25.6.136\G06_NEW\Lib_EaBaseBoard\Debug\libLib_EaBaseBoard.a(oled.o)
 .debug_macro   0x000052c7       0x5d C:\Users\Antoni\Documents\MCUXpressoIDE_25.6.136\G06_NEW\Lib_EaBaseBoard\Debug\libLib_EaBaseBoard.a(oled.o)
 .debug_macro   0x00005324       0xae C:\Users\Antoni\Documents\MCUXpressoIDE_25.6.136\G06_NEW\Lib_EaBaseBoard\Debug\libLib_EaBaseBoard.a(temp.o)
 .debug_macro   0x000053d2       0x1a C:\Users\Antoni\Documents\MCUXpressoIDE_25.6.136\G06_NEW\Lib_EaBaseBoard\Debug\libLib_EaBaseBoard.a(font5x7.o)
 .debug_macro   0x000053ec      0x696 C:\Users\Antoni\Documents\MCUXpressoIDE_25.6.136\G06_NEW\Lib_EaBaseBoard\Debug\libLib_EaBaseBoard.a(font5x7.o)
 .debug_macro   0x00005a82       0x83 C:\Users\Antoni\Documents\MCUXpressoIDE_25.6.136\G06_NEW\Lib_MCU\Debug\libLib_MCU.a(lpc17xx_gpio.o)
 .debug_macro   0x00005b05       0xda C:\Users\Antoni\Documents\MCUXpressoIDE_25.6.136\G06_NEW\Lib_MCU\Debug\libLib_MCU.a(lpc17xx_gpio.o)
 .debug_macro   0x00005bdf       0x95 C:\Users\Antoni\Documents\MCUXpressoIDE_25.6.136\G06_NEW\Lib_MCU\Debug\libLib_MCU.a(lpc17xx_i2c.o)
 .debug_macro   0x00005c74      0x18c C:\Users\Antoni\Documents\MCUXpressoIDE_25.6.136\G06_NEW\Lib_MCU\Debug\libLib_MCU.a(lpc17xx_i2c.o)
 .debug_macro   0x00005e00      0x2fa C:\Users\Antoni\Documents\MCUXpressoIDE_25.6.136\G06_NEW\Lib_MCU\Debug\libLib_MCU.a(lpc17xx_i2c.o)
 .debug_macro   0x000060fa       0x7a C:\Users\Antoni\Documents\MCUXpressoIDE_25.6.136\G06_NEW\Lib_MCU\Debug\libLib_MCU.a(lpc17xx_pinsel.o)
 .debug_macro   0x00006174       0x8c C:\Users\Antoni\Documents\MCUXpressoIDE_25.6.136\G06_NEW\Lib_MCU\Debug\libLib_MCU.a(lpc17xx_rtc.o)
 .debug_macro   0x00006200       0x8c C:\Users\Antoni\Documents\MCUXpressoIDE_25.6.136\G06_NEW\Lib_MCU\Debug\libLib_MCU.a(lpc17xx_ssp.o)
 .debug_macro   0x0000628c      0x2a0 C:\Users\Antoni\Documents\MCUXpressoIDE_25.6.136\G06_NEW\Lib_MCU\Debug\libLib_MCU.a(lpc17xx_ssp.o)
 .debug_macro   0x0000652c       0x95 C:\Users\Antoni\Documents\MCUXpressoIDE_25.6.136\G06_NEW\Lib_MCU\Debug\libLib_MCU.a(lpc17xx_timer.o)
 .debug_macro   0x000065c1       0xe7 C:\Users\Antoni\Documents\MCUXpressoIDE_25.6.136\G06_NEW\Lib_MCU\Debug\libLib_MCU.a(lpc17xx_timer.o)
 .debug_macro   0x000066a8       0x7a C:\Users\Antoni\Documents\MCUXpressoIDE_25.6.136\G06_NEW\Lib_MCU\Debug\libLib_MCU.a(lpc17xx_clkpwr.o)
 .debug_macro   0x00006722      0x2f4 C:\Users\Antoni\Documents\MCUXpressoIDE_25.6.136\G06_NEW\Lib_MCU\Debug\libLib_MCU.a(lpc17xx_clkpwr.o)

.debug_line     0x00000000     0x7697
 .debug_line    0x00000000      0x567 ./src/app_alarm.o
 .debug_line    0x00000567      0x69a ./src/app_buzzer.o
 .debug_line    0x00000c01      0xbf9 ./src/app_menu.o
 .debug_line    0x000017fa      0x41b ./src/app_temp.o
 .debug_line    0x00001c15      0x567 ./src/app_time.o
 .debug_line    0x0000217c      0x41a ./src/cr_startup_lpc17.o
 .debug_line    0x00002596      0x5d5 ./src/main.o
 .debug_line    0x00002b6b      0x403 C:\Users\Antoni\Documents\MCUXpressoIDE_25.6.136\G06_NEW\Lib_CMSISv1p30_LPC17xx\Debug\libCMSISv1p30_LPC17xx.a(system_LPC17xx.o)
 .debug_line    0x00002f6e      0x30a C:\Users\Antoni\Documents\MCUXpressoIDE_25.6.136\G06_NEW\Lib_EaBaseBoard\Debug\libLib_EaBaseBoard.a(joystick.o)
 .debug_line    0x00003278      0x827 C:\Users\Antoni\Documents\MCUXpressoIDE_25.6.136\G06_NEW\Lib_EaBaseBoard\Debug\libLib_EaBaseBoard.a(oled.o)
 .debug_line    0x00003a9f      0x33b C:\Users\Antoni\Documents\MCUXpressoIDE_25.6.136\G06_NEW\Lib_EaBaseBoard\Debug\libLib_EaBaseBoard.a(temp.o)
 .debug_line    0x00003dda       0x8e C:\Users\Antoni\Documents\MCUXpressoIDE_25.6.136\G06_NEW\Lib_EaBaseBoard\Debug\libLib_EaBaseBoard.a(font5x7.o)
 .debug_line    0x00003e68      0x75a C:\Users\Antoni\Documents\MCUXpressoIDE_25.6.136\G06_NEW\Lib_MCU\Debug\libLib_MCU.a(lpc17xx_gpio.o)
 .debug_line    0x000045c2      0xd4d C:\Users\Antoni\Documents\MCUXpressoIDE_25.6.136\G06_NEW\Lib_MCU\Debug\libLib_MCU.a(lpc17xx_i2c.o)
 .debug_line    0x0000530f      0x38d C:\Users\Antoni\Documents\MCUXpressoIDE_25.6.136\G06_NEW\Lib_MCU\Debug\libLib_MCU.a(lpc17xx_pinsel.o)
 .debug_line    0x0000569c      0xa72 C:\Users\Antoni\Documents\MCUXpressoIDE_25.6.136\G06_NEW\Lib_MCU\Debug\libLib_MCU.a(lpc17xx_rtc.o)
 .debug_line    0x0000610e      0x903 C:\Users\Antoni\Documents\MCUXpressoIDE_25.6.136\G06_NEW\Lib_MCU\Debug\libLib_MCU.a(lpc17xx_ssp.o)
 .debug_line    0x00006a11      0x88a C:\Users\Antoni\Documents\MCUXpressoIDE_25.6.136\G06_NEW\Lib_MCU\Debug\libLib_MCU.a(lpc17xx_timer.o)
 .debug_line    0x0000729b      0x3fc C:\Users\Antoni\Documents\MCUXpressoIDE_25.6.136\G06_NEW\Lib_MCU\Debug\libLib_MCU.a(lpc17xx_clkpwr.o)

.debug_str      0x00000000    0x14381
 .debug_str     0x00000000    0x14381 ./src/app_alarm.o
                               0x89e7 (size before relaxing)
 .debug_str     0x00014381     0x8844 ./src/app_buzzer.o
 .debug_str     0x00014381     0xc36e ./src/app_menu.o
 .debug_str     0x00014381     0x74fd ./src/app_temp.o
 .debug_str     0x00014381     0xbf18 ./src/app_time.o
 .debug_str     0x00014381     0x3ed9 ./src/cr_startup_lpc17.o
 .debug_str     0x00014381     0xaa44 ./src/main.o
 .debug_str     0x00014381     0x88e9 C:\Users\Antoni\Documents\MCUXpressoIDE_25.6.136\G06_NEW\Lib_CMSISv1p30_LPC17xx\Debug\libCMSISv1p30_LPC17xx.a(system_LPC17xx.o)
 .debug_str     0x00014381     0x8961 C:\Users\Antoni\Documents\MCUXpressoIDE_25.6.136\G06_NEW\Lib_EaBaseBoard\Debug\libLib_EaBaseBoard.a(joystick.o)
 .debug_str     0x00014381     0xa5bc C:\Users\Antoni\Documents\MCUXpressoIDE_25.6.136\G06_NEW\Lib_EaBaseBoard\Debug\libLib_EaBaseBoard.a(oled.o)
 .debug_str     0x00014381     0x89bb C:\Users\Antoni\Documents\MCUXpressoIDE_25.6.136\G06_NEW\Lib_EaBaseBoard\Debug\libLib_EaBaseBoard.a(temp.o)
 .debug_str     0x00014381     0x3c7a C:\Users\Antoni\Documents\MCUXpressoIDE_25.6.136\G06_NEW\Lib_EaBaseBoard\Debug\libLib_EaBaseBoard.a(font5x7.o)
 .debug_str     0x00014381     0x8e47 C:\Users\Antoni\Documents\MCUXpressoIDE_25.6.136\G06_NEW\Lib_MCU\Debug\libLib_MCU.a(lpc17xx_gpio.o)